Archive member included to satisfy reference by file (symbol)

../libopencm3-st/libopencm3//lib/libopencm3_stm32f1.a(can.o)
                              slcan/can_driver.o (can_reset)
../libopencm3-st/libopencm3//lib/libopencm3_stm32f1.a(flash.o)
                              amain.o (flash_program_half_word)
../libopencm3-st/libopencm3//lib/libopencm3_stm32f1.a(gpio.o)
                              uart1.o (gpio_set_mode)
../libopencm3-st/libopencm3//lib/libopencm3_stm32f1.a(rcc.o)
                              main.o (rcc_clock_setup_in_hse_8mhz_out_72mhz)
../libopencm3-st/libopencm3//lib/libopencm3_stm32f1.a(gpio_common_all.o)
                              cdcacm.o (gpio_set)
../libopencm3-st/libopencm3//lib/libopencm3_stm32f1.a(usart_common_all.o)
                              uart1.o (usart_set_baudrate)
../libopencm3-st/libopencm3//lib/libopencm3_stm32f1.a(usart_common_f124.o)
                              ../libopencm3-st/libopencm3//lib/libopencm3_stm32f1.a(usart_common_all.o) (usart_send)
../libopencm3-st/libopencm3//lib/libopencm3_stm32f1.a(rcc_common_all.o)
                              main.o (rcc_periph_clock_enable)
../libopencm3-st/libopencm3//lib/libopencm3_stm32f1.a(flash_common_f01.o)
                              ../libopencm3-st/libopencm3//lib/libopencm3_stm32f1.a(rcc.o) (flash_set_ws)
../libopencm3-st/libopencm3//lib/libopencm3_stm32f1.a(usb.o)
                              cdcacm.o (usbd_init)
../libopencm3-st/libopencm3//lib/libopencm3_stm32f1.a(usb_control.o)
                              cdcacm.o (usbd_register_control_callback)
../libopencm3-st/libopencm3//lib/libopencm3_stm32f1.a(usb_standard.o)
                              cdcacm.o (usbd_register_set_config_callback)
../libopencm3-st/libopencm3//lib/libopencm3_stm32f1.a(usb_f107.o)
                              cdcacm.o (stm32f107_usb_driver)
../libopencm3-st/libopencm3//lib/libopencm3_stm32f1.a(vector.o)
                              (reset_handler)
../libopencm3-st/libopencm3//lib/libopencm3_stm32f1.a(nvic.o)
                              uart1.o (nvic_enable_irq)
../libopencm3-st/libopencm3//lib/libopencm3_stm32f1.a(assert.o)
                              ../libopencm3-st/libopencm3//lib/libopencm3_stm32f1.a(rcc.o) (cm3_assert_failed)
../libopencm3-st/libopencm3//lib/libopencm3_stm32f1.a(usb_fx07_common.o)
                              ../libopencm3-st/libopencm3//lib/libopencm3_stm32f1.a(usb_f107.o) (stm32fx07_set_address)
/home/mak/gcc-arm-none-eabi-7-2017-q4-major/bin/../lib/gcc/arm-none-eabi/7.2.1/../../../../arm-none-eabi/lib/thumb/v7-m/libc.a(lib_a-memcpy.o)
                              ../libopencm3-st/libopencm3//lib/libopencm3_stm32f1.a(usb_standard.o) (memcpy)
/home/mak/gcc-arm-none-eabi-7-2017-q4-major/bin/../lib/gcc/arm-none-eabi/7.2.1/../../../../arm-none-eabi/lib/thumb/v7-m/libc.a(lib_a-stpcpy.o)
                              slcan/slcan.o (stpcpy)
/home/mak/gcc-arm-none-eabi-7-2017-q4-major/bin/../lib/gcc/arm-none-eabi/7.2.1/../../../../arm-none-eabi/lib/thumb/v7-m/libc.a(lib_a-strlen-stub.o)
                              slcan/slcan.o (strlen)

Discarded input sections

 .text          0x0000000000000000        0x0 main.o
 .data          0x0000000000000000        0x0 main.o
 .bss           0x0000000000000000        0x0 main.o
 .text.ctest    0x0000000000000000       0x14 main.o
 .text.stm32f107_USBdInit
                0x0000000000000000       0xbc main.o
 .bss.tttt      0x0000000000000000        0x4 main.o
 .text          0x0000000000000000        0x0 amain.o
 .data          0x0000000000000000        0x0 amain.o
 .bss           0x0000000000000000        0x0 amain.o
 .text          0x0000000000000000        0x0 uart1.o
 .data          0x0000000000000000        0x0 uart1.o
 .bss           0x0000000000000000        0x0 uart1.o
 .text.ComClr1  0x0000000000000000       0x18 uart1.o
 .text.UART1_Transmit
                0x0000000000000000       0x20 uart1.o
 .text.slcan_usart1_write
                0x0000000000000000        0x4 uart1.o
 .data          0x0000000000000000        0x0 SRC/Wortbirne.o
 .bss           0x0000000000000000        0x0 SRC/Wortbirne.o
 .text          0x0000000000000000        0x0 iovfm.o
 .data          0x0000000000000000        0x0 iovfm.o
 .bss           0x0000000000000000        0x0 iovfm.o
 .text.ttgetchar
                0x0000000000000000       0xcc iovfm.o
 .bss.ccbuf     0x0000000000000000       0x6f iovfm.o
 .bss.ppIn      0x0000000000000000        0x4 iovfm.o
 .bss.ppOut     0x0000000000000000        0x4 iovfm.o
 .text          0x0000000000000000        0x0 cdcacm.o
 .data          0x0000000000000000        0x0 cdcacm.o
 .bss           0x0000000000000000        0x0 cdcacm.o
 .text          0x0000000000000000        0x0 slcan/slcan.o
 .data          0x0000000000000000        0x0 slcan/slcan.o
 .bss           0x0000000000000000        0x0 slcan/slcan.o
 .text.can_send_tst
                0x0000000000000000       0x34 slcan/slcan.o
 .text.slcan_getline
[...]
Memory Configuration

Name             Origin             Length             Attributes
rom              0x0000000008000000 0x0000000000040000 xr
ram              0x0000000020000000 0x0000000000010000 xrw
*default*        0x0000000000000000 0xffffffffffffffff

Linker script and memory map

LOAD main.o
LOAD amain.o
LOAD uart1.o
LOAD SRC/Wortbirne.o
LOAD iovfm.o
LOAD cdcacm.o
LOAD slcan/slcan.o
LOAD slcan/can_driver.o
LOAD ../libopencm3-st/libopencm3//lib/libopencm3_stm32f1.a
START GROUP
LOAD /home/mak/gcc-arm-none-eabi-7-2017-q4-major/bin/../lib/gcc/arm-none-eabi/7.2.1/../../../../arm-none-eabi/lib/thumb/v7-m/libc.a
LOAD /home/mak/gcc-arm-none-eabi-7-2017-q4-major/bin/../lib/gcc/arm-none-eabi/7.2.1/thumb/v7-m/libgcc.a
LOAD /home/mak/gcc-arm-none-eabi-7-2017-q4-major/bin/../lib/gcc/arm-none-eabi/7.2.1/../../../../arm-none-eabi/lib/thumb/v7-m/libnosys.a
END GROUP
START GROUP
LOAD /home/mak/gcc-arm-none-eabi-7-2017-q4-major/bin/../lib/gcc/arm-none-eabi/7.2.1/thumb/v7-m/libgcc.a
LOAD /home/mak/gcc-arm-none-eabi-7-2017-q4-major/bin/../lib/gcc/arm-none-eabi/7.2.1/../../../../arm-none-eabi/lib/thumb/v7-m/libc.a
END GROUP

.text           0x0000000008000000     0x6804
 *(.vectors)
 .vectors       0x0000000008000000      0x150 ../libopencm3-st/libopencm3//lib/libopencm3_stm32f1.a(vector.o)
                0x0000000008000000                vector_table
 *(.text*)
 .text.startup.main
                0x0000000008000150       0x4c main.o
                0x0000000008000150                main
 .text.tstadd   0x000000000800019c     0x2d98 amain.o
                0x000000000800019c                tstadd
                0x000000000800019c                fimg
                0x000000000800019c                RPload
                0x00000000080001a2                NOOP
                0x00000000080001a4                RPsave
                0x00000000080001a6                DgreatS
                0x00000000080001aa                Rload
                0x00000000080001ae                DROPRload
                0x00000000080001b2                UNLOOP
                0x00000000080001b4                RgreatDROP
                0x00000000080001b8                DUPgreatR
                0x00000000080001bc                greatR
                0x00000000080001c2                Rgreat
                0x00000000080001ca                _2Rgreat
                0x00000000080001d4                _2Rload
                0x00000000080001e0                _2greatR
                0x00000000080001e8                greatRgreatR
                0x00000000080001f0                SPload
                0x00000000080001f8                SPsave
                0x00000000080001fe                loadEXECUTE
                0x0000000008000200                EXECUTE
                0x0000000008000206                Cload
                0x000000000800020a                Wload
                0x000000000800020e                _2Cload
                0x0000000008000218                load
                0x000000000800021c                _4Cload
                0x0000000008000232                Csave
                0x000000000800023a                Wsave
                0x0000000008000242                _2Csave
                0x000000000800024e                save
                0x0000000008000256                _4Csave
                0x000000000800026a                OFF
                0x0000000008000272                ON
                0x000000000800027c                _2save
                0x0000000008000286                _2load
                0x0000000008000290                addsave
                0x000000000800029c                Caddsave
                0x00000000080002a8                _1addsave
                0x00000000080002b2                _1subsave
                0x00000000080002bc                MIN
                0x00000000080002c6                ABS
                0x00000000080002ce                UMIN
                0x00000000080002d8                MAX
                0x00000000080002e2                UMAX
                0x00000000080002ec                _0MAX
                0x00000000080002f4                equ
                0x00000000080002f8                _0equ
                0x00000000080002fe                lessgreat
                0x0000000008000302                _0lessgreat
                0x0000000008000308                great
                0x0000000008000316                less
                0x0000000008000324                _0less
                0x0000000008000328                Ugreat
                0x0000000008000330                Uless
                0x0000000008000338                AND
                0x000000000800033e                ANDC
                0x0000000008000346                ANDCsave
                0x0000000008000354                HBICsave
                0x0000000008000362                CANDCsave
                0x0000000008000370                ANDsave
                0x000000000800037e                OR
                0x0000000008000384                XOR
                0x000000000800038a                ORsave
                0x0000000008000396                HBISsave
                0x00000000080003a2                CORsave
                0x00000000080003ae                XORsave
                0x00000000080003ba                CXORsave
                0x00000000080003c6                BITload
                0x00000000080003d4                NOT
                0x00000000080003d8                NEGATE
                0x00000000080003dc                DNEGATE
                0x00000000080003ec                add
                0x00000000080003f2                Dadd
                0x0000000008000400                sub
                0x0000000008000406                Dsub
                0x0000000008000414                DUless
                0x0000000008000420                CELLadd
                0x0000000008000422                _2add
                0x0000000008000424                CHARadd
                0x0000000008000428                CELLsub
                0x000000000800042a                _2sub
                0x000000000800042c                _1sub
                0x0000000008000430                CELLS
                0x0000000008000432                _2mul
                0x0000000008000436                _2rsl
                0x000000000800043a                EVEN
                0x0000000008000444                mul
                0x000000000800044a                rsl
                0x0000000008000452                MOD
                0x000000000800045e                rslMOD
                0x000000000800046e                UrslMOD
                0x000000000800047e                UMmul
                0x0000000008000488                Mmul
                0x0000000008000492                queDUP
                0x0000000008000494                DUP
                0x000000000800049a                _2DUP
                0x00000000080004a2                SWAP
                0x00000000080004aa                _2SWAP
                0x00000000080004ba                _2DROP
                0x00000000080004be                _2DRRR
                0x00000000080004c4                OVER
                0x00000000080004cc                _2OVER
                0x00000000080004d6                TUCK
                0x00000000080004e0                NIP
                0x00000000080004e4                ROT
                0x00000000080004ee                subROT
                0x00000000080004f8                PICK
                0x00000000080004fe                ARSHIFT
                0x0000000008000506                greatgreat
                0x000000000800050e                lessless
                0x0000000008000516                BIT
                0x0000000008000520                COUNT
                0x000000000800052a                BOUNDS
                0x0000000008000534                FILL
                0x0000000008000546                WFILL
                0x0000000008000558                CMOVE
                0x000000000800056e                W2CMOVE
                0x0000000008000584                CMOVEgreat
                0x00000000080005a4                SERIALsubEMIT
                0x00000000080005b8                SERIALsubEMITque
                0x00000000080005c2                SERIALsubKEYque
                0x00000000080005d0                SERIALsubKEY
                0x00000000080005de                usbsubemit
                0x00000000080005ea                usbsubkeyque
                0x00000000080005f8                usbsubkey
                0x0000000008000606                HHP
                0x0000000008000612                FLASHsave
                0x0000000008000620                FLASHsubERASE
                0x000000000800062c                SLCAN_RXSPIN
                0x000000000800063a                CAN_CNT
                0x0000000008000648                SLCAN_DECODE
                0x0000000008000654                I
                0x0000000008000660                J
                0x000000000800066c                K
                0x0000000008000678                cDOcend
                0x0000000008000686                cqueDOcend
                0x00000000080006a4                cLOOPcend
                0x00000000080006b8                caddLOOPcend
                0x00000000080006d2                cLEAVEcend
                0x00000000080006dc                tstsub
                0x00000000080006dc                DOCREATE
                0x00000000080006e8                DOCONST
                0x00000000080006f8                D2mul
                0x0000000008000708                D0equ
                0x0000000008000714                UMrslMOD
                0x00000000080007c8                Ursl
                0x00000000080007d4                UMOD
                0x00000000080007e0                EMIT
                0x00000000080007f4                KEY
                0x0000000008000808                KEYque
                0x000000000800081c                HHdot
                0x0000000008000830                DABS
                0x0000000008000840                HALIGNED
                0x000000000800084c                IALIGNED
                0x000000000800085c                cSdticcend
                0x0000000008000884                TYPE
                0x00000000080008ac                zzz
                0x00000000080008cc                HEX_
                0x00000000080008e4                DECIMAL_
                0x00000000080008fc                HOLD
                0x0000000008000928                lessn
                0x000000000800095c                n
                0x00000000080009bc                nS
                0x00000000080009d4                ngreat
                0x00000000080009fc                SIGN
                0x0000000008000a14                cDdotcend
                0x0000000008000a3c                SPACE
                0x0000000008000a4c                Ddot
                0x0000000008000a5c                SgreatD
                0x0000000008000a68                dot
                0x0000000008000a74                Udot
                0x0000000008000a84                Hdot
                0x0000000008000ab0                CR
                0x0000000008000ac0                FORTH_
                0x0000000008000ae0                DEFINITIONS_
                0x0000000008000b00                COTT
                0x0000000008000b10                PPP
                0x0000000008000b14                WORDS_
                0x0000000008000b4c                ACCEPT
                0x0000000008000c0c                SOURCE
                0x0000000008000c2c                SOURCEsave
                0x0000000008000c4c                EndOfChunk
                0x0000000008000c6c                IsDelimiter
                0x0000000008000c7c                CharAddr
                0x0000000008000c94                PeekChar
                0x0000000008000ca0                GetChar
                0x0000000008000ccc                OnDelimiter
                0x0000000008000ce4                SkipDelimiters
                0x0000000008000d0c                OnNotDelimiter
                0x0000000008000d28                SkipWord
                0x0000000008000d50                ParseWord
                0x0000000008000d78                PARSEsubNAME
                0x0000000008000db4                SkipUpTo
                0x0000000008000df4                PARSE_
                0x0000000008000e38                QUERY
                0x0000000008000e7c                REFILL
                0x0000000008000e8c                COMPARE
                0x0000000008000f24                UPC
                0x0000000008000f40                UCOMPARE
                0x0000000008000fe8                NAMEgreat
                0x0000000008001000                NAMEgreatF
                0x000000000800100c                SEARCHsubWORDLIST
                0x000000000800107c                _2NIP
                0x0000000008001090                SFIND
                0x00000000080010e8                ALLOT_
                0x0000000008001104                HERE_
                0x0000000008001118                com_
                0x000000000800112c                Wcom_
                0x0000000008001140                Ccom_
                0x0000000008001154                LMOVWTcom
                0x00000000080011b4                LITcom_
                0x0000000008001200                NCOMPILEcom
                0x00000000080012ac                COMPILEcom_
                0x0000000008001328                _2LITERAL_
                0x0000000008001350                LITERAL_
                0x0000000008001370                DIGIT
                0x0000000008001408                CATCH
                0x0000000008001454                THROW
                0x00000000080014ac                greatNUMBER
                0x0000000008001534                queSLITERAL0
                0x0000000008001600                queSLITERAL
                0x0000000008001678                queSTACK
                0x000000000800167c                INTERPRET_
                0x00000000080016cc                OKdot
                0x00000000080016e4                QUIT
                0x0000000008001700                XXX
                0x0000000008001714                HELLO
                0x0000000008001730                SETsubCURRENT
                0x0000000008001744                GETsubCURRENT
                0x0000000008001758                GETsubORDER
                0x00000000080017bc                SETsubORDER
                0x0000000008001808                IDdot
                0x0000000008001818                VOCsubNAMEdot
                0x0000000008001878                ORDER_
                0x00000000080018d4                ALIGNED_
                0x00000000080018e4                ALIGN_
                0x0000000008001900                HALIGNED_
                0x0000000008001910                LALIGNED_
                0x0000000008001920                LINKcom
                0x000000000800193c                HEADERcom_
                0x000000000800195c                HALIGN_
                0x0000000008001978                Sdticcom_
                0x000000000800199c                SHEADER_0
                0x00000000080019b0                SHEADER_
                0x00000000080019d8                IMMEDIATE_
                0x0000000008001a00                HEADER_
                0x0000000008001a0c                tic_
                0x0000000008001a30                xticy_
                0x0000000008001a3c                y_
                0x0000000008001a50                x_
                0x0000000008001a68                EXITcom_
                0x0000000008001a78                NESTcom_
                0x0000000008001a88                dcoma_
                0x0000000008001a9c                queCOMP
                0x0000000008001aa0                end_
                0x0000000008001ad0                dot0
                0x0000000008001b28                greatPRT
                0x0000000008001b54                PTYPE
                0x0000000008001b80                DUMP
                0x0000000008001c60                BXXdotN
                0x0000000008001cb4                BXXdotWcom_
                0x0000000008001d80                FARque
                0x0000000008001da0                BEQdotWcom_
                0x0000000008001db4                queBRANCHdotFcom_
                0x0000000008001dd4                queBRANCHcom_
                0x0000000008001e14                BRANCHcom_
                0x0000000008001e38                BEGIN_
                0x0000000008001e4c                UNTIL_
                0x0000000008001e78                AGAIN_
                0x0000000008001ea4                AHEAD_
                0x0000000008001ec0                IF_
                0x0000000008001edc                THEN_
                0x0000000008001fdc                CSsubSWAP
                0x0000000008001fe4                ELSE_
                0x0000000008001ff4                WHILE_
                0x0000000008002000                REPEAT_
                0x000000000800200c                RESOLVEsubLEAVE_
                0x0000000008002060                LEAVE_
                0x00000000080020c0                queDO_
                0x0000000008002108                DO_
                0x0000000008002134                LOOPcom
                0x0000000008002178                addLOOPcom
                0x00000000080021c8                LOOP_
                0x0000000008002204                addLOOP_
                0x0000000008002240                c_
                0x000000000800227c                dotc
                0x0000000008002290                sl_
                0x00000000080022a8                SLITcom_
                0x00000000080022dc                Sdtic_
                0x0000000008002304                dotdtic_
                0x000000000800231c                xCOMPILEy_
                0x0000000008002328                POSTPONE_
                0x0000000008002378                CONSTANT_
                0x000000000800239c                CREATE_
                0x00000000080023bc                VARIABLE_
                0x00000000080023d0                CHAR_
                0x00000000080023dc                xCHARy_
                0x00000000080023e8                SCAN
                0x0000000008002458                ZCOUNT
                0x0000000008002480                usbsubemitque
                0x000000000800248c                usbsubio
                0x00000000080024f8                addusb
                0x0000000008002500                subusb
                0x000000000800256c                TRANS
                0x000000000800259c                SAVE
                0x0000000008002600                REST
                0x0000000008002654                SLCANGETLINE
                0x000000000800274c                SLCANSPIN
                0x0000000008002770                SLCAN_LOOP
                0x0000000008002794                MENUless
                0x00000000080027ec                MENUWless
                0x000000000800286c                MENUSless
                0x00000000080028e8                greatMENU
                0x0000000008002920                CURUP
                0x000000000800293c                KEY0
                0x0000000008002944                KEYW
                0x0000000008002984                CHMEHU
                0x0000000008002a38                mmmemu
                0x0000000008002abc                MMENU
                0x0000000008002bf6                FORTH_MAIN
                0x0000000008002bf8                lessMAINgreat
                0x0000000008002c60                VAR_ORIG_SET
                0x0000000008002ce0                FMAIN
                0x0000000008002de8                FFMAIN
                0x0000000008002df4                GET_LAST
                0x0000000008002e04                GET_SP0
                0x0000000008002e14                GET_HANDLER
                0x0000000008002e24                GET_DP
                0x0000000008002e34                GET_STATE
                0x0000000008002e44                GET_IN
                0x0000000008002e54                GET_ATIB
                0x0000000008002e64                GET_NTIB
                0x0000000008002e74                GET_TIB
                0x0000000008002e84                GET_CURRENT
                0x0000000008002e94                GET_CONTEXT
                0x0000000008002ea4                GET_PAD
                0x0000000008002eb4                GET_BASE
                0x0000000008002ec4                GET_HLD
                0x0000000008002ed4                GET_HOOKKEYQ
                0x0000000008002ee4                GET_HOOKKEY
                0x0000000008002ef4                GET_HOOKEMITQ
                0x0000000008002f04                GET_HOOKEMIT
                0x0000000008002f14                GET_VAR_BIG
                0x0000000008002f24                GET_MENUID
 .text.nndeb    0x0000000008002f34       0x14 uart1.o
                0x0000000008002f34                nndeb
 .text.nndeb0   0x0000000008002f48       0x14 uart1.o
                0x0000000008002f48                nndeb0
 .text.ComCnt1  0x0000000008002f5c       0x1c uart1.o
                0x0000000008002f5c                ComCnt1
 .text.GetPort1
                0x0000000008002f78       0x1c uart1.o
                0x0000000008002f78                GetPort1
 .text.ComPut1  0x0000000008002f94       0x1c uart1.o
                0x0000000008002f94                ComPut1
 .text.WGetPort1
                0x0000000008002fb0       0x12 uart1.o
                0x0000000008002fb0                WGetPort1
 .text.clock_setup
                0x0000000008002fc2       0x2a uart1.o
                0x0000000008002fc2                clock_setup
 .text.usart_setup
                0x0000000008002fec       0x78 uart1.o
                0x0000000008002fec                usart_setup
 .text.usart1_isr
                0x0000000008003064       0x60 uart1.o
                0x0000000008003064                usart1_isr
 .text.hht      0x00000000080030c4       0x48 uart1.o
                0x00000000080030c4                hht
 .text          0x000000000800310c     0x15cc SRC/Wortbirne.o
                0x0000000008003508                TXBUF
                0x00000000080046be                ForthWords
                0x00000000080046c2                GetForthWords
 .text.ttkbhit  0x00000000080046d8        0x4 iovfm.o
                0x00000000080046d8                ttkbhit
 .text.ttwrite  0x00000000080046dc       0x20 iovfm.o
                0x00000000080046dc                ttwrite
 .text.USB_PUT  0x00000000080046fc       0x16 iovfm.o
                0x00000000080046fc                USB_PUT
 .text.ttgetch  0x0000000008004712       0x12 iovfm.o
                0x0000000008004712                ttgetch
 .text.cdcacm_control_request
                0x0000000008004724       0x1c cdcacm.o
 .text.cdcacm_set_config
                0x0000000008004740       0x4c cdcacm.o
 .text.cdcacm_data_rx_cb
                0x000000000800478c       0x48 cdcacm.o
 .text.USBkbhit
                0x00000000080047d4       0x1c cdcacm.o
                0x00000000080047d4                USBkbhit
 .text.USBDDGet
                0x00000000080047f0       0x1c cdcacm.o
                0x00000000080047f0                USBDDGet
 .text.stm32f107_usb_init
                0x000000000800480c       0x94 cdcacm.o
                0x000000000800480c                stm32f107_usb_init
 .text.slcan_open
                0x00000000080048a0       0x22 slcan/slcan.o
 .text.hex_val  0x00000000080048c2       0x20 slcan/slcan.o
 *fill*         0x00000000080048e2        0x2 
 .text.hex_write
                0x00000000080048e4       0x34 slcan/slcan.o
 .text.hex_to_u8_array
                0x0000000008004918       0x2c slcan/slcan.o
                0x0000000008004918                hex_to_u8_array
 .text.slcan_frame_to_ascii
                0x0000000008004944       0xe4 slcan/slcan.o
                0x0000000008004944                slcan_frame_to_ascii
 .text.slcan_send_frame
                0x0000000008004a28       0xac slcan/slcan.o
                0x0000000008004a28                slcan_send_frame
 .text.slcan_decode_line
                0x0000000008004ad4       0x9c slcan/slcan.o
                0x0000000008004ad4                slcan_decode_line
 .text.slcan_rx_spin_rx
                0x0000000008004b70       0x18 slcan/slcan.o
                0x0000000008004b70                slcan_rx_spin_rx
 .text.CanCnt   0x0000000008004b88       0x1c slcan/can_driver.o
                0x0000000008004b88                CanCnt
 .text.CanGet   0x0000000008004ba4       0x20 slcan/can_driver.o
                0x0000000008004ba4                CanGet
 .text.CanPut   0x0000000008004bc4       0x20 slcan/can_driver.o
                0x0000000008004bc4                CanPut
 .text.can_setup_mmo
                0x0000000008004be4       0xb8 slcan/can_driver.o
                0x0000000008004be4                can_setup_mmo
 .text.can_open
                0x0000000008004c9c        0x4 slcan/can_driver.o
                0x0000000008004c9c                can_open
 .text.can_send
                0x0000000008004ca0       0x20 slcan/can_driver.o
                0x0000000008004ca0                can_send
 .text.usb_lp_can_rx0_isr
                0x0000000008004cc0       0xa4 slcan/can_driver.o
                0x0000000008004cc0                usb_lp_can_rx0_isr
 .text.can_reset
                0x0000000008004d64       0x18 ../libopencm3-st/libopencm3//lib/libopencm3_stm32f1.a(can.o)
                0x0000000008004d64                can_reset
 .text.can_init
                0x0000000008004d7c      0x130 ../libopencm3-st/libopencm3//lib/libopencm3_stm32f1.a(can.o)
                0x0000000008004d7c                can_init
 .text.can_filter_init
                0x0000000008004eac       0x8e ../libopencm3-st/libopencm3//lib/libopencm3_stm32f1.a(can.o)
                0x0000000008004eac                can_filter_init
 .text.can_filter_id_mask_32bit_init
                0x0000000008004f3a       0x1a ../libopencm3-st/libopencm3//lib/libopencm3_stm32f1.a(can.o)
                0x0000000008004f3a                can_filter_id_mask_32bit_init
 .text.can_enable_irq
                0x0000000008004f54        0x8 ../libopencm3-st/libopencm3//lib/libopencm3_stm32f1.a(can.o)
                0x0000000008004f54                can_enable_irq
 .text.can_transmit
                0x0000000008004f5c       0xc6 ../libopencm3-st/libopencm3//lib/libopencm3_stm32f1.a(can.o)
                0x0000000008004f5c                can_transmit
 .text.can_fifo_release
                0x0000000008005022       0x16 ../libopencm3-st/libopencm3//lib/libopencm3_stm32f1.a(can.o)
                0x0000000008005022                can_fifo_release
 .text.can_receive
                0x0000000008005038       0xbc ../libopencm3-st/libopencm3//lib/libopencm3_stm32f1.a(can.o)
                0x0000000008005038                can_receive
 .text.flash_get_status_flags
                0x00000000080050f4       0x28 ../libopencm3-st/libopencm3//lib/libopencm3_stm32f1.a(flash.o)
                0x00000000080050f4                flash_get_status_flags
 .text.flash_program_half_word
                0x000000000800511c       0x64 ../libopencm3-st/libopencm3//lib/libopencm3_stm32f1.a(flash.o)
                0x000000000800511c                flash_program_half_word
 .text.flash_erase_page
                0x0000000008005180       0x7c ../libopencm3-st/libopencm3//lib/libopencm3_stm32f1.a(flash.o)
                0x0000000008005180                flash_erase_page
 .text.gpio_set_mode
                0x00000000080051fc       0x62 ../libopencm3-st/libopencm3//lib/libopencm3_stm32f1.a(gpio.o)
                0x00000000080051fc                gpio_set_mode
 *fill*         0x000000000800525e        0x2 
 .text.rcc_osc_on.part.1
                0x0000000008005260       0x10 ../libopencm3-st/libopencm3//lib/libopencm3_stm32f1.a(rcc.o)
 .text.rcc_is_osc_ready
                0x0000000008005270       0x5c ../libopencm3-st/libopencm3//lib/libopencm3_stm32f1.a(rcc.o)
                0x0000000008005270                rcc_is_osc_ready
 .text.rcc_wait_for_osc_ready
                0x00000000080052cc       0x10 ../libopencm3-st/libopencm3//lib/libopencm3_stm32f1.a(rcc.o)
                0x00000000080052cc                rcc_wait_for_osc_ready
 .text.rcc_osc_on
                0x00000000080052dc       0x54 ../libopencm3-st/libopencm3//lib/libopencm3_stm32f1.a(rcc.o)
                0x00000000080052dc                rcc_osc_on
 .text.rcc_set_sysclk_source
                0x0000000008005330       0x14 ../libopencm3-st/libopencm3//lib/libopencm3_stm32f1.a(rcc.o)
                0x0000000008005330                rcc_set_sysclk_source
 .text.rcc_set_pll_multiplication_factor
                0x0000000008005344       0x14 ../libopencm3-st/libopencm3//lib/libopencm3_stm32f1.a(rcc.o)
                0x0000000008005344                rcc_set_pll_multiplication_factor
 .text.rcc_set_pll_source
                0x0000000008005358       0x14 ../libopencm3-st/libopencm3//lib/libopencm3_stm32f1.a(rcc.o)
                0x0000000008005358                rcc_set_pll_source
 .text.rcc_set_pllxtpre
                0x000000000800536c       0x14 ../libopencm3-st/libopencm3//lib/libopencm3_stm32f1.a(rcc.o)
                0x000000000800536c                rcc_set_pllxtpre
 .text.rcc_set_adcpre
                0x0000000008005380       0x14 ../libopencm3-st/libopencm3//lib/libopencm3_stm32f1.a(rcc.o)
                0x0000000008005380                rcc_set_adcpre
 .text.rcc_set_ppre2
                0x0000000008005394       0x14 ../libopencm3-st/libopencm3//lib/libopencm3_stm32f1.a(rcc.o)
                0x0000000008005394                rcc_set_ppre2
 .text.rcc_set_ppre1
                0x00000000080053a8       0x14 ../libopencm3-st/libopencm3//lib/libopencm3_stm32f1.a(rcc.o)
                0x00000000080053a8                rcc_set_ppre1
 .text.rcc_set_hpre
                0x00000000080053bc       0x14 ../libopencm3-st/libopencm3//lib/libopencm3_stm32f1.a(rcc.o)
                0x00000000080053bc                rcc_set_hpre
 .text.rcc_clock_setup_in_hse_8mhz_out_72mhz
                0x00000000080053d0       0x8c ../libopencm3-st/libopencm3//lib/libopencm3_stm32f1.a(rcc.o)
                0x00000000080053d0                rcc_clock_setup_in_hse_8mhz_out_72mhz
 .text.gpio_set
                0x000000000800545c        0x4 ../libopencm3-st/libopencm3//lib/libopencm3_stm32f1.a(gpio_common_all.o)
                0x000000000800545c                gpio_set
 .text.gpio_clear
                0x0000000008005460        0x6 ../libopencm3-st/libopencm3//lib/libopencm3_stm32f1.a(gpio_common_all.o)
                0x0000000008005460                gpio_clear
 .text.gpio_toggle
                0x0000000008005466       0x12 ../libopencm3-st/libopencm3//lib/libopencm3_stm32f1.a(gpio_common_all.o)
                0x0000000008005466                gpio_toggle
 .text.usart_set_baudrate
                0x0000000008005478       0x28 ../libopencm3-st/libopencm3//lib/libopencm3_stm32f1.a(usart_common_all.o)
                0x0000000008005478                usart_set_baudrate
 .text.usart_set_databits
                0x00000000080054a0       0x12 ../libopencm3-st/libopencm3//lib/libopencm3_stm32f1.a(usart_common_all.o)
                0x00000000080054a0                usart_set_databits
 .text.usart_set_stopbits
                0x00000000080054b2        0xc ../libopencm3-st/libopencm3//lib/libopencm3_stm32f1.a(usart_common_all.o)
                0x00000000080054b2                usart_set_stopbits
 .text.usart_set_parity
                0x00000000080054be        0xc ../libopencm3-st/libopencm3//lib/libopencm3_stm32f1.a(usart_common_all.o)
                0x00000000080054be                usart_set_parity
 .text.usart_set_mode
                0x00000000080054ca        0xc ../libopencm3-st/libopencm3//lib/libopencm3_stm32f1.a(usart_common_all.o)
                0x00000000080054ca                usart_set_mode
 .text.usart_set_flow_control
                0x00000000080054d6        0xc ../libopencm3-st/libopencm3//lib/libopencm3_stm32f1.a(usart_common_all.o)
                0x00000000080054d6                usart_set_flow_control
 .text.usart_enable
                0x00000000080054e2        0xa ../libopencm3-st/libopencm3//lib/libopencm3_stm32f1.a(usart_common_all.o)
                0x00000000080054e2                usart_enable
 .text.usart_send_blocking
                0x00000000080054ec       0x16 ../libopencm3-st/libopencm3//lib/libopencm3_stm32f1.a(usart_common_all.o)
                0x00000000080054ec                usart_send_blocking
 .text.usart_send
                0x0000000008005502        0x8 ../libopencm3-st/libopencm3//lib/libopencm3_stm32f1.a(usart_common_f124.o)
                0x0000000008005502                usart_send
 .text.usart_recv
                0x000000000800550a        0x8 ../libopencm3-st/libopencm3//lib/libopencm3_stm32f1.a(usart_common_f124.o)
                0x000000000800550a                usart_recv
 .text.usart_wait_send_ready
                0x0000000008005512        0x8 ../libopencm3-st/libopencm3//lib/libopencm3_stm32f1.a(usart_common_f124.o)
                0x0000000008005512                usart_wait_send_ready
 .text.rcc_periph_clock_enable
                0x000000000800551a       0x1a ../libopencm3-st/libopencm3//lib/libopencm3_stm32f1.a(rcc_common_all.o)
                0x000000000800551a                rcc_periph_clock_enable
 .text.rcc_periph_reset_pulse
                0x0000000008005534       0x22 ../libopencm3-st/libopencm3//lib/libopencm3_stm32f1.a(rcc_common_all.o)
                0x0000000008005534                rcc_periph_reset_pulse
 *fill*         0x0000000008005556        0x2 
 .text.flash_set_ws
                0x0000000008005558       0x14 ../libopencm3-st/libopencm3//lib/libopencm3_stm32f1.a(flash_common_f01.o)
                0x0000000008005558                flash_set_ws
 .text.flash_unlock
                0x000000000800556c       0x24 ../libopencm3-st/libopencm3//lib/libopencm3_stm32f1.a(flash_common_f01.o)
                0x000000000800556c                flash_unlock
 .text.flash_lock
                0x0000000008005590       0x10 ../libopencm3-st/libopencm3//lib/libopencm3_stm32f1.a(flash_common_f01.o)
                0x0000000008005590                flash_lock
 .text.flash_wait_for_last_operation
                0x00000000080055a0        0xc ../libopencm3-st/libopencm3//lib/libopencm3_stm32f1.a(flash_common_f01.o)
                0x00000000080055a0                flash_wait_for_last_operation
 .text.usbd_init
                0x00000000080055ac       0x58 ../libopencm3-st/libopencm3//lib/libopencm3_stm32f1.a(usb.o)
                0x00000000080055ac                usbd_init
 .text.usbd_poll
                0x0000000008005604        0x8 ../libopencm3-st/libopencm3//lib/libopencm3_stm32f1.a(usb.o)
                0x0000000008005604                usbd_poll
 .text.usbd_ep_setup
                0x000000000800560c        0xe ../libopencm3-st/libopencm3//lib/libopencm3_stm32f1.a(usb.o)
                0x000000000800560c                usbd_ep_setup
 .text._usbd_reset
                0x000000000800561a       0x34 ../libopencm3-st/libopencm3//lib/libopencm3_stm32f1.a(usb.o)
                0x000000000800561a                _usbd_reset
 .text.usbd_ep_write_packet
                0x000000000800564e        0xe ../libopencm3-st/libopencm3//lib/libopencm3_stm32f1.a(usb.o)
                0x000000000800564e                usbd_ep_write_packet
 .text.usbd_ep_read_packet
                0x000000000800565c        0xe ../libopencm3-st/libopencm3//lib/libopencm3_stm32f1.a(usb.o)
                0x000000000800565c                usbd_ep_read_packet
 .text.usbd_ep_stall_set
                0x000000000800566a        0x8 ../libopencm3-st/libopencm3//lib/libopencm3_stm32f1.a(usb.o)
                0x000000000800566a                usbd_ep_stall_set
 .text.usbd_ep_stall_get
                0x0000000008005672        0x8 ../libopencm3-st/libopencm3//lib/libopencm3_stm32f1.a(usb.o)
                0x0000000008005672                usbd_ep_stall_get
 .text.usbd_ep_nak_set
                0x000000000800567a        0x8 ../libopencm3-st/libopencm3//lib/libopencm3_stm32f1.a(usb.o)
                0x000000000800567a                usbd_ep_nak_set
 .text.stall_transaction
                0x0000000008005682       0x14 ../libopencm3-st/libopencm3//lib/libopencm3_stm32f1.a(usb_control.o)
 .text.usb_control_recv_chunk
                0x0000000008005696       0x3c ../libopencm3-st/libopencm3//lib/libopencm3_stm32f1.a(usb_control.o)
 .text.usb_control_send_chunk
                0x00000000080056d2       0x54 ../libopencm3-st/libopencm3//lib/libopencm3_stm32f1.a(usb_control.o)
 .text.usb_control_request_dispatch
                0x0000000008005726       0x62 ../libopencm3-st/libopencm3//lib/libopencm3_stm32f1.a(usb_control.o)
 .text.usb_control_setup_read
                0x0000000008005788       0x6a ../libopencm3-st/libopencm3//lib/libopencm3_stm32f1.a(usb_control.o)
 .text.usbd_register_control_callback
                0x00000000080057f2       0x26 ../libopencm3-st/libopencm3//lib/libopencm3_stm32f1.a(usb_control.o)
                0x00000000080057f2                usbd_register_control_callback
 .text._usbd_control_setup
                0x0000000008005818       0x70 ../libopencm3-st/libopencm3//lib/libopencm3_stm32f1.a(usb_control.o)
                0x0000000008005818                _usbd_control_setup
 .text._usbd_control_out
                0x0000000008005888       0x84 ../libopencm3-st/libopencm3//lib/libopencm3_stm32f1.a(usb_control.o)
                0x0000000008005888                _usbd_control_out
 .text._usbd_control_in
                0x000000000800590c       0x64 ../libopencm3-st/libopencm3//lib/libopencm3_stm32f1.a(usb_control.o)
                0x000000000800590c                _usbd_control_in
 .text.usb_standard_set_configuration
                0x0000000008005970       0x92 ../libopencm3-st/libopencm3//lib/libopencm3_stm32f1.a(usb_standard.o)
 .text.usb_standard_get_configuration
                0x0000000008005a02       0x22 ../libopencm3-st/libopencm3//lib/libopencm3_stm32f1.a(usb_standard.o)
 .text.usb_standard_get_interface
                0x0000000008005a24       0x34 ../libopencm3-st/libopencm3//lib/libopencm3_stm32f1.a(usb_standard.o)
 .text.usb_standard_interface_get_status
                0x0000000008005a58       0x18 ../libopencm3-st/libopencm3//lib/libopencm3_stm32f1.a(usb_standard.o)
 .text.usb_standard_endpoint_get_status
                0x0000000008005a70       0x2a ../libopencm3-st/libopencm3//lib/libopencm3_stm32f1.a(usb_standard.o)
 .text.usb_standard_endpoint_stall
                0x0000000008005a9a       0x10 ../libopencm3-st/libopencm3//lib/libopencm3_stm32f1.a(usb_standard.o)
 .text.usb_standard_endpoint_unstall
                0x0000000008005aaa       0x10 ../libopencm3-st/libopencm3//lib/libopencm3_stm32f1.a(usb_standard.o)
 .text.usb_standard_set_address
                0x0000000008005aba       0x28 ../libopencm3-st/libopencm3//lib/libopencm3_stm32f1.a(usb_standard.o)
 .text.usb_standard_set_interface
                0x0000000008005ae2       0x4a ../libopencm3-st/libopencm3//lib/libopencm3_stm32f1.a(usb_standard.o)
 .text.usb_standard_get_descriptor
                0x0000000008005b2c      0x258 ../libopencm3-st/libopencm3//lib/libopencm3_stm32f1.a(usb_standard.o)
 .text.usb_standard_device_get_status
                0x0000000008005d84       0x18 ../libopencm3-st/libopencm3//lib/libopencm3_stm32f1.a(usb_standard.o)
 .text.usbd_register_set_config_callback
                0x0000000008005d9c       0x24 ../libopencm3-st/libopencm3//lib/libopencm3_stm32f1.a(usb_standard.o)
                0x0000000008005d9c                usbd_register_set_config_callback
 .text._usbd_standard_request_device
                0x0000000008005dc0       0x20 ../libopencm3-st/libopencm3//lib/libopencm3_stm32f1.a(usb_standard.o)
                0x0000000008005dc0                _usbd_standard_request_device
 .text._usbd_standard_request_interface
                0x0000000008005de0       0x20 ../libopencm3-st/libopencm3//lib/libopencm3_stm32f1.a(usb_standard.o)
                0x0000000008005de0                _usbd_standard_request_interface
 .text._usbd_standard_request_endpoint
                0x0000000008005e00       0x3c ../libopencm3-st/libopencm3//lib/libopencm3_stm32f1.a(usb_standard.o)
                0x0000000008005e00                _usbd_standard_request_endpoint
 .text._usbd_standard_request
                0x0000000008005e3c       0x30 ../libopencm3-st/libopencm3//lib/libopencm3_stm32f1.a(usb_standard.o)
                0x0000000008005e3c                _usbd_standard_request
 .text.stm32f107_usbd_init
                0x0000000008005e6c       0xd4 ../libopencm3-st/libopencm3//lib/libopencm3_stm32f1.a(usb_f107.o)
 .text.blocking_handler
                0x0000000008005f40        0x2 ../libopencm3-st/libopencm3//lib/libopencm3_stm32f1.a(vector.o)
                0x0000000008005f40                usart3_isr
                0x0000000008005f40                rtc_isr
                0x0000000008005f40                tim7_isr
                0x0000000008005f40                adc1_2_isr
                0x0000000008005f40                tim1_trg_com_isr
                0x0000000008005f40                usb_hp_can_tx_isr
                0x0000000008005f40                tim6_isr
                0x0000000008005f40                usb_wakeup_isr
                0x0000000008005f40                blocking_handler
                0x0000000008005f40                tim5_isr
                0x0000000008005f40                otg_fs_isr
                0x0000000008005f40                spi1_isr
                0x0000000008005f40                exti2_isr
                0x0000000008005f40                dma1_channel6_isr
                0x0000000008005f40                can_rx1_isr
                0x0000000008005f40                dma1_channel5_isr
                0x0000000008005f40                dma2_channel5_isr
                0x0000000008005f40                usage_fault_handler
                0x0000000008005f40                tim8_trg_com_isr
                0x0000000008005f40                can2_rx0_isr
                0x0000000008005f40                tim1_brk_isr
                0x0000000008005f40                can2_rx1_isr
                0x0000000008005f40                tim1_cc_isr
                0x0000000008005f40                sdio_isr
                0x0000000008005f40                eth_isr
                0x0000000008005f40                dma1_channel4_isr
                0x0000000008005f40                tim8_brk_isr
                0x0000000008005f40                dma2_channel4_5_isr
                0x0000000008005f40                pvd_isr
                0x0000000008005f40                rcc_isr
                0x0000000008005f40                flash_isr
                0x0000000008005f40                uart4_isr
                0x0000000008005f40                rtc_alarm_isr
                0x0000000008005f40                exti15_10_isr
                0x0000000008005f40                hard_fault_handler
                0x0000000008005f40                exti1_isr
                0x0000000008005f40                i2c1_ev_isr
                0x0000000008005f40                dma2_channel1_isr
                0x0000000008005f40                spi2_isr
                0x0000000008005f40                tim8_up_isr
                0x0000000008005f40                dma2_channel2_isr
                0x0000000008005f40                exti3_isr
                0x0000000008005f40                adc3_isr
                0x0000000008005f40                tim3_isr
                0x0000000008005f40                usart2_isr
                0x0000000008005f40                i2c2_er_isr
                0x0000000008005f40                i2c2_ev_isr
                0x0000000008005f40                uart5_isr
                0x0000000008005f40                fsmc_isr
                0x0000000008005f40                dma1_channel1_isr
                0x0000000008005f40                exti4_isr
                0x0000000008005f40                mem_manage_handler
                0x0000000008005f40                can2_tx_isr
                0x0000000008005f40                exti9_5_isr
                0x0000000008005f40                dma2_channel3_isr
                0x0000000008005f40                dma1_channel7_isr
                0x0000000008005f40                tim1_up_isr
                0x0000000008005f40                can2_sce_isr
                0x0000000008005f40                tim4_isr
                0x0000000008005f40                dma1_channel2_isr
                0x0000000008005f40                i2c1_er_isr
                0x0000000008005f40                can_sce_isr
                0x0000000008005f40                tim8_cc_isr
                0x0000000008005f40                tamper_isr
                0x0000000008005f40                eth_wkup_isr
                0x0000000008005f40                bus_fault_handler
                0x0000000008005f40                wwdg_isr
                0x0000000008005f40                dma1_channel3_isr
                0x0000000008005f40                spi3_isr
                0x0000000008005f40                tim2_isr
                0x0000000008005f40                exti0_isr
 .text.null_handler
                0x0000000008005f42        0x2 ../libopencm3-st/libopencm3//lib/libopencm3_stm32f1.a(vector.o)
                0x0000000008005f42                null_handler
                0x0000000008005f42                sv_call_handler
                0x0000000008005f42                pend_sv_handler
                0x0000000008005f42                debug_monitor_handler
                0x0000000008005f42                sys_tick_handler
                0x0000000008005f42                nmi_handler
 .text.reset_handler
                0x0000000008005f44       0x90 ../libopencm3-st/libopencm3//lib/libopencm3_stm32f1.a(vector.o)
                0x0000000008005f44                reset_handler
 .text.nvic_enable_irq
                0x0000000008005fd4       0x1a ../libopencm3-st/libopencm3//lib/libopencm3_stm32f1.a(nvic.o)
                0x0000000008005fd4                nvic_enable_irq
 *fill*         0x0000000008005fee        0x2 
 .text.nvic_set_priority
                0x0000000008005ff0       0x20 ../libopencm3-st/libopencm3//lib/libopencm3_stm32f1.a(nvic.o)
                0x0000000008005ff0                nvic_set_priority
 .text.stm32fx07_set_address
                0x0000000008006010       0x18 ../libopencm3-st/libopencm3//lib/libopencm3_stm32f1.a(usb_fx07_common.o)
                0x0000000008006010                stm32fx07_set_address
 .text.stm32fx07_ep_setup
                0x0000000008006028      0x140 ../libopencm3-st/libopencm3//lib/libopencm3_stm32f1.a(usb_fx07_common.o)
                0x0000000008006028                stm32fx07_ep_setup
 .text.stm32fx07_endpoints_reset
                0x0000000008006168       0x48 ../libopencm3-st/libopencm3//lib/libopencm3_stm32f1.a(usb_fx07_common.o)
                0x0000000008006168                stm32fx07_endpoints_reset
 .text.stm32fx07_ep_stall_set
                0x00000000080061b0       0x4e ../libopencm3-st/libopencm3//lib/libopencm3_stm32f1.a(usb_fx07_common.o)
                0x00000000080061b0                stm32fx07_ep_stall_set
 .text.stm32fx07_ep_stall_get
                0x00000000080061fe       0x1e ../libopencm3-st/libopencm3//lib/libopencm3_stm32f1.a(usb_fx07_common.o)
                0x00000000080061fe                stm32fx07_ep_stall_get
 .text.stm32fx07_ep_nak_set
                0x000000000800621c       0x2a ../libopencm3-st/libopencm3//lib/libopencm3_stm32f1.a(usb_fx07_common.o)
                0x000000000800621c                stm32fx07_ep_nak_set
 .text.stm32fx07_ep_write_packet
                0x0000000008006246       0x4c ../libopencm3-st/libopencm3//lib/libopencm3_stm32f1.a(usb_fx07_common.o)
                0x0000000008006246                stm32fx07_ep_write_packet
 .text.stm32fx07_ep_read_packet
                0x0000000008006292       0x6a ../libopencm3-st/libopencm3//lib/libopencm3_stm32f1.a(usb_fx07_common.o)
                0x0000000008006292                stm32fx07_ep_read_packet
 .text.stm32fx07_poll
                0x00000000080062fc      0x1c8 ../libopencm3-st/libopencm3//lib/libopencm3_stm32f1.a(usb_fx07_common.o)
                0x00000000080062fc                stm32fx07_poll
 .text.stm32fx07_disconnect
                0x00000000080064c4       0x1c ../libopencm3-st/libopencm3//lib/libopencm3_stm32f1.a(usb_fx07_common.o)
                0x00000000080064c4                stm32fx07_disconnect
 .text          0x00000000080064e0       0xec /home/mak/gcc-arm-none-eabi-7-2017-q4-major/bin/../lib/gcc/arm-none-eabi/7.2.1/../../../../arm-none-eabi/lib/thumb/v7-m/libc.a(lib_a-memcpy.o)
                0x00000000080064e0                memcpy
 .text.stpcpy   0x00000000080065cc       0x5c /home/mak/gcc-arm-none-eabi-7-2017-q4-major/bin/../lib/gcc/arm-none-eabi/7.2.1/../../../../arm-none-eabi/lib/thumb/v7-m/libc.a(lib_a-stpcpy.o)
                0x00000000080065cc                stpcpy
 .text.strlen   0x0000000008006628       0x5c /home/mak/gcc-arm-none-eabi-7-2017-q4-major/bin/../lib/gcc/arm-none-eabi/7.2.1/../../../../arm-none-eabi/lib/thumb/v7-m/libc.a(lib_a-strlen-stub.o)
                0x0000000008006628                strlen
                0x0000000008006684                . = ALIGN (0x4)
 *(.rodata*)
 .rodata.cdcacm_functional_descriptors
                0x0000000008006684       0x13 cdcacm.o
 .rodata.comm_endp
                0x0000000008006697        0xf cdcacm.o
 .rodata.comm_iface
                0x00000000080066a6       0x15 cdcacm.o
 .rodata.config
                0x00000000080066bb        0xd cdcacm.o
 .rodata.data_endp
                0x00000000080066c8       0x1e cdcacm.o
 .rodata.data_iface
                0x00000000080066e6       0x15 cdcacm.o
 .rodata.dev    0x00000000080066fb       0x12 cdcacm.o
 *fill*         0x000000000800670d        0x3 
 .rodata.ifaces
                0x0000000008006710       0x20 cdcacm.o
 .rodata.str1.1
                0x0000000008006730       0x2c cdcacm.o
 .rodata.hex_write.str1.1
                0x000000000800675c       0x11 slcan/slcan.o
 .rodata.slcan_decode_line.str1.1
                0x000000000800676d        0x9 slcan/slcan.o
 *fill*         0x0000000008006776        0x2 
 .rodata.CSWTCH.24
                0x0000000008006778       0x28 ../libopencm3-st/libopencm3//lib/libopencm3_stm32f1.a(usb_standard.o)
 .rodata.CSWTCH.26
                0x00000000080067a0       0x30 ../libopencm3-st/libopencm3//lib/libopencm3_stm32f1.a(usb_standard.o)
 .rodata.stm32f107_usb_driver
                0x00000000080067d0       0x34 ../libopencm3-st/libopencm3//lib/libopencm3_stm32f1.a(usb_f107.o)
                0x00000000080067d0                stm32f107_usb_driver
                0x0000000008006804                . = ALIGN (0x4)

.glue_7         0x0000000008006804        0x0
 .glue_7        0x0000000008006804        0x0 linker stubs

.glue_7t        0x0000000008006804        0x0
 .glue_7t       0x0000000008006804        0x0 linker stubs

.vfp11_veneer   0x0000000008006804        0x0
 .vfp11_veneer  0x0000000008006804        0x0 linker stubs

.v4_bx          0x0000000008006804        0x0
 .v4_bx         0x0000000008006804        0x0 linker stubs

.iplt           0x0000000008006804        0x0
 .iplt          0x0000000008006804        0x0 main.o

.rel.dyn        0x0000000008006804        0x0
 .rel.iplt      0x0000000008006804        0x0 main.o

.preinit_array  0x0000000008006804        0x0
                0x0000000008006804                . = ALIGN (0x4)
                0x0000000008006804                __preinit_array_start = .
 *(.preinit_array)
                0x0000000008006804                __preinit_array_end = .

.init_array     0x0000000008006804        0x0
                0x0000000008006804                . = ALIGN (0x4)
                0x0000000008006804                __init_array_start = .
 *(SORT_BY_NAME(.init_array.*))
 *(.init_array)
                0x0000000008006804                __init_array_end = .

.fini_array     0x0000000008006804        0x0
                0x0000000008006804                . = ALIGN (0x4)
                0x0000000008006804                __fini_array_start = .
 *(.fini_array)
 *(SORT_BY_NAME(.fini_array.*))
                0x0000000008006804                __fini_array_end = .

.ARM.extab
 *(.ARM.extab*)

.ARM.exidx      0x0000000008006804        0x0
                0x0000000008006804                __exidx_start = .
 *(.ARM.exidx*)
                0x0000000008006804                __exidx_end = .
                0x0000000008006804                . = ALIGN (0x4)
                0x0000000008006804                _etext = .

.data           0x0000000020000000       0x24 load address 0x0000000008006804
                0x0000000020000000                _data = .
 *(.data*)
 .data.ComBufIn1
                0x0000000020000000        0x4 uart1.o
                0x0000000020000000                ComBufIn1
 .data.data.5046
                0x0000000020000004        0x1 uart1.o
 *fill*         0x0000000020000005        0x3 
 .data.usb_strings
                0x0000000020000008        0xc cdcacm.o
 .data.CanBufIn
                0x0000000020000014        0x4 slcan/can_driver.o
                0x0000000020000014                CanBufIn
 .data.rcc_ahb_frequency
                0x0000000020000018        0x4 ../libopencm3-st/libopencm3//lib/libopencm3_stm32f1.a(rcc.o)
                0x0000000020000018                rcc_ahb_frequency
 .data.rcc_apb1_frequency
                0x000000002000001c        0x4 ../libopencm3-st/libopencm3//lib/libopencm3_stm32f1.a(rcc.o)
                0x000000002000001c                rcc_apb1_frequency
 .data.rcc_apb2_frequency
                0x0000000020000020        0x4 ../libopencm3-st/libopencm3//lib/libopencm3_stm32f1.a(rcc.o)
                0x0000000020000020                rcc_apb2_frequency
                0x0000000020000024                . = ALIGN (0x4)
                0x0000000020000024                _edata = .
                0x0000000008006804                _data_loadaddr = LOADADDR (.data)

.igot.plt       0x0000000020000024        0x0 load address 0x0000000008006828
 .igot.plt      0x0000000020000024        0x0 main.o

.bss            0x0000000020000024     0x7714 load address 0x0000000008006828
 *(.bss*)
 .bss.CDSTK     0x0000000020000024        0x4 main.o
                0x0000000020000024                CDSTK
 .bss.sp_buff   0x0000000020000028     0x4b10 main.o
                0x0000000020000028                sp_buff
 .bss.ComBuf1   0x0000000020004b38      0x200 uart1.o
                0x0000000020004b38                ComBuf1
 .bss.ComBufOut1
                0x0000000020004d38        0x4 uart1.o
                0x0000000020004d38                ComBufOut1
 .bss.nndeb0cc  0x0000000020004d3c        0x4 uart1.o
                0x0000000020004d3c                nndeb0cc
 .bss.nndebcc   0x0000000020004d40        0x4 uart1.o
                0x0000000020004d40                nndebcc
 .bss.UsbBuf    0x0000000020004d44        0x4 cdcacm.o
                0x0000000020004d44                UsbBuf
 .bss.UsbLen    0x0000000020004d48        0x4 cdcacm.o
                0x0000000020004d48                UsbLen
 .bss.buf.5008  0x0000000020004d4c       0x40 cdcacm.o
 .bss.gep       0x0000000020004d8c        0x1 cdcacm.o
                0x0000000020004d8c                gep
 .bss.usbd_control_buffer
                0x0000000020004d8d       0x80 cdcacm.o
                0x0000000020004d8d                usbd_control_buffer
 *fill*         0x0000000020004e0d        0x3 
 .bss.usbd_dev  0x0000000020004e10        0x4 cdcacm.o
                0x0000000020004e10                usbd_dev
 .bss.txbuf     0x0000000020004e14       0x21 slcan/slcan.o
                0x0000000020004e14                txbuf
 *fill*         0x0000000020004e35        0x3 
 .bss.CanBuf    0x0000000020004e38     0x2800 slcan/can_driver.o
                0x0000000020004e38                CanBuf
 .bss.CanBufOut
                0x0000000020007638        0x4 slcan/can_driver.o
                0x0000000020007638                CanBufOut
 .bss.usbd_dev  0x000000002000763c       0xfc ../libopencm3-st/libopencm3//lib/libopencm3_stm32f1.a(usb_f107.o)
 *(COMMON)
                0x0000000020007738                . = ALIGN (0x4)
                0x0000000020007738                _ebss = .

/DISCARD/
 *(.eh_frame)
                0x0000000020007738                . = ALIGN (0x4)
                0x0000000020007738                end = .
                0x0000000020010000                PROVIDE (_stack, (ORIGIN (ram) + LENGTH (ram)))
OUTPUT(stm32f105cbt6_debug_forth.elf elf32-littlearm)

.debug_info     0x0000000000000000    0x10b3e
 .debug_info    0x0000000000000000      0xc8e main.o
 .debug_info    0x0000000000000c8e       0x26 amain.o
 .debug_info    0x0000000000000cb4      0xf49 uart1.o
 .debug_info    0x0000000000001bfd       0x26 SRC/Wortbirne.o
 .debug_info    0x0000000000001c23     0x1382 iovfm.o
 .debug_info    0x0000000000002fa5     0x157b cdcacm.o
 .debug_info    0x0000000000004520     0x14a9 slcan/slcan.o
 .debug_info    0x00000000000059c9      0x83c slcan/can_driver.o
 .debug_info    0x0000000000006205      0xa3e ../libopencm3-st/libopencm3//lib/libopencm3_stm32f1.a(can.o)
 .debug_info    0x0000000000006c43      0x2ab ../libopencm3-st/libopencm3//lib/libopencm3_stm32f1.a(flash.o)
 .debug_info    0x0000000000006eee      0x1dd ../libopencm3-st/libopencm3//lib/libopencm3_stm32f1.a(gpio.o)
 .debug_info    0x00000000000070cb     0x114b ../libopencm3-st/libopencm3//lib/libopencm3_stm32f1.a(rcc.o)
 .debug_info    0x0000000000008216      0x22c ../libopencm3-st/libopencm3//lib/libopencm3_stm32f1.a(gpio_common_all.o)
 .debug_info    0x0000000000008442      0x4be ../libopencm3-st/libopencm3//lib/libopencm3_stm32f1.a(usart_common_all.o)
 .debug_info    0x0000000000008900      0x19a ../libopencm3-st/libopencm3//lib/libopencm3_stm32f1.a(usart_common_f124.o)
 .debug_info    0x0000000000008a9a      0x5f2 ../libopencm3-st/libopencm3//lib/libopencm3_stm32f1.a(rcc_common_all.o)
 .debug_info    0x000000000000908c      0x278 ../libopencm3-st/libopencm3//lib/libopencm3_stm32f1.a(flash_common_f01.o)
 .debug_info    0x0000000000009304     0x15ef ../libopencm3-st/libopencm3//lib/libopencm3_stm32f1.a(usb.o)
 .debug_info    0x000000000000a8f3     0x1788 ../libopencm3-st/libopencm3//lib/libopencm3_stm32f1.a(usb_control.o)
 .debug_info    0x000000000000c07b     0x1cbc ../libopencm3-st/libopencm3//lib/libopencm3_stm32f1.a(usb_standard.o)
 .debug_info    0x000000000000dd37     0x1391 ../libopencm3-st/libopencm3//lib/libopencm3_stm32f1.a(usb_f107.o)
 .debug_info    0x000000000000f0c8      0x2a8 ../libopencm3-st/libopencm3//lib/libopencm3_stm32f1.a(vector.o)
 .debug_info    0x000000000000f370      0x214 ../libopencm3-st/libopencm3//lib/libopencm3_stm32f1.a(nvic.o)
 .debug_info    0x000000000000f584     0x15ba ../libopencm3-st/libopencm3//lib/libopencm3_stm32f1.a(usb_fx07_common.o)

.debug_abbrev   0x0000000000000000     0x3209
 .debug_abbrev  0x0000000000000000      0x2ac main.o
 .debug_abbrev  0x00000000000002ac       0x14 amain.o
 .debug_abbrev  0x00000000000002c0      0x366 uart1.o
 .debug_abbrev  0x0000000000000626       0x14 SRC/Wortbirne.o
 .debug_abbrev  0x000000000000063a      0x30d iovfm.o
 .debug_abbrev  0x0000000000000947      0x34d cdcacm.o
 .debug_abbrev  0x0000000000000c94      0x532 slcan/slcan.o
 .debug_abbrev  0x00000000000011c6      0x221 slcan/can_driver.o
 .debug_abbrev  0x00000000000013e7      0x266 ../libopencm3-st/libopencm3//lib/libopencm3_stm32f1.a(can.o)
 .debug_abbrev  0x000000000000164d      0x11a ../libopencm3-st/libopencm3//lib/libopencm3_stm32f1.a(flash.o)
 .debug_abbrev  0x0000000000001767       0xb7 ../libopencm3-st/libopencm3//lib/libopencm3_stm32f1.a(gpio.o)
 .debug_abbrev  0x000000000000181e      0x27f ../libopencm3-st/libopencm3//lib/libopencm3_stm32f1.a(rcc.o)
 .debug_abbrev  0x0000000000001a9d       0xf4 ../libopencm3-st/libopencm3//lib/libopencm3_stm32f1.a(gpio_common_all.o)
 .debug_abbrev  0x0000000000001b91      0x10f ../libopencm3-st/libopencm3//lib/libopencm3_stm32f1.a(usart_common_all.o)
 .debug_abbrev  0x0000000000001ca0       0xb7 ../libopencm3-st/libopencm3//lib/libopencm3_stm32f1.a(usart_common_f124.o)
 .debug_abbrev  0x0000000000001d57      0x137 ../libopencm3-st/libopencm3//lib/libopencm3_stm32f1.a(rcc_common_all.o)
 .debug_abbrev  0x0000000000001e8e       0xcd ../libopencm3-st/libopencm3//lib/libopencm3_stm32f1.a(flash_common_f01.o)
 .debug_abbrev  0x0000000000001f5b      0x2ab ../libopencm3-st/libopencm3//lib/libopencm3_stm32f1.a(usb.o)
 .debug_abbrev  0x0000000000002206      0x3bf ../libopencm3-st/libopencm3//lib/libopencm3_stm32f1.a(usb_control.o)
 .debug_abbrev  0x00000000000025c5      0x4b0 ../libopencm3-st/libopencm3//lib/libopencm3_stm32f1.a(usb_standard.o)
 .debug_abbrev  0x0000000000002a75      0x230 ../libopencm3-st/libopencm3//lib/libopencm3_stm32f1.a(usb_f107.o)
 .debug_abbrev  0x0000000000002ca5      0x12b ../libopencm3-st/libopencm3//lib/libopencm3_stm32f1.a(vector.o)
 .debug_abbrev  0x0000000000002dd0       0xa6 ../libopencm3-st/libopencm3//lib/libopencm3_stm32f1.a(nvic.o)
 .debug_abbrev  0x0000000000002e76      0x393 ../libopencm3-st/libopencm3//lib/libopencm3_stm32f1.a(usb_fx07_common.o)

.debug_aranges  0x0000000000000000      0x9a8
 .debug_aranges
                0x0000000000000000       0x30 main.o
 .debug_aranges
                0x0000000000000030       0x20 amain.o
 .debug_aranges
                0x0000000000000050       0x78 uart1.o
 .debug_aranges
                0x00000000000000c8       0x20 SRC/Wortbirne.o
 .debug_aranges
                0x00000000000000e8       0x40 iovfm.o
 .debug_aranges
                0x0000000000000128       0x48 cdcacm.o
 .debug_aranges
                0x0000000000000170       0x80 slcan/slcan.o
 .debug_aranges
                0x00000000000001f0       0x58 slcan/can_driver.o
 .debug_aranges
                0x0000000000000248       0x80 ../libopencm3-st/libopencm3//lib/libopencm3_stm32f1.a(can.o)
 .debug_aranges
                0x00000000000002c8       0x80 ../libopencm3-st/libopencm3//lib/libopencm3_stm32f1.a(flash.o)
 .debug_aranges
                0x0000000000000348       0x38 ../libopencm3-st/libopencm3//lib/libopencm3_stm32f1.a(gpio.o)
 .debug_aranges
                0x0000000000000380      0x158 ../libopencm3-st/libopencm3//lib/libopencm3_stm32f1.a(rcc.o)
 .debug_aranges
                0x00000000000004d8       0x50 ../libopencm3-st/libopencm3//lib/libopencm3_stm32f1.a(gpio_common_all.o)
 .debug_aranges
                0x0000000000000528       0xb8 ../libopencm3-st/libopencm3//lib/libopencm3_stm32f1.a(usart_common_all.o)
 .debug_aranges
                0x00000000000005e0       0x40 ../libopencm3-st/libopencm3//lib/libopencm3_stm32f1.a(usart_common_f124.o)
 .debug_aranges
                0x0000000000000620       0x68 ../libopencm3-st/libopencm3//lib/libopencm3_stm32f1.a(rcc_common_all.o)
 .debug_aranges
                0x0000000000000688       0x88 ../libopencm3-st/libopencm3//lib/libopencm3_stm32f1.a(flash_common_f01.o)
 .debug_aranges
                0x0000000000000710       0x88 ../libopencm3-st/libopencm3//lib/libopencm3_stm32f1.a(usb.o)
 .debug_aranges
                0x0000000000000798       0x60 ../libopencm3-st/libopencm3//lib/libopencm3_stm32f1.a(usb_control.o)
 .debug_aranges
                0x00000000000007f8       0x98 ../libopencm3-st/libopencm3//lib/libopencm3_stm32f1.a(usb_standard.o)
 .debug_aranges
                0x0000000000000890       0x20 ../libopencm3-st/libopencm3//lib/libopencm3_stm32f1.a(usb_f107.o)
 .debug_aranges
                0x00000000000008b0       0x30 ../libopencm3-st/libopencm3//lib/libopencm3_stm32f1.a(vector.o)
 .debug_aranges
                0x00000000000008e0       0x60 ../libopencm3-st/libopencm3//lib/libopencm3_stm32f1.a(nvic.o)
 .debug_aranges
                0x0000000000000940       0x68 ../libopencm3-st/libopencm3//lib/libopencm3_stm32f1.a(usb_fx07_common.o)

.debug_ranges   0x0000000000000000      0x9f0
 .debug_ranges  0x0000000000000000       0x20 main.o
 .debug_ranges  0x0000000000000020       0x68 uart1.o
 .debug_ranges  0x0000000000000088       0x30 iovfm.o
 .debug_ranges  0x00000000000000b8       0x38 cdcacm.o
 .debug_ranges  0x00000000000000f0      0x150 slcan/slcan.o
 .debug_ranges  0x0000000000000240       0x48 slcan/can_driver.o
 .debug_ranges  0x0000000000000288       0x70 ../libopencm3-st/libopencm3//lib/libopencm3_stm32f1.a(can.o)
 .debug_ranges  0x00000000000002f8       0x70 ../libopencm3-st/libopencm3//lib/libopencm3_stm32f1.a(flash.o)
 .debug_ranges  0x0000000000000368       0x28 ../libopencm3-st/libopencm3//lib/libopencm3_stm32f1.a(gpio.o)
 .debug_ranges  0x0000000000000390      0x1a8 ../libopencm3-st/libopencm3//lib/libopencm3_stm32f1.a(rcc.o)
 .debug_ranges  0x0000000000000538       0x40 ../libopencm3-st/libopencm3//lib/libopencm3_stm32f1.a(gpio_common_all.o)
 .debug_ranges  0x0000000000000578       0xa8 ../libopencm3-st/libopencm3//lib/libopencm3_stm32f1.a(usart_common_all.o)
 .debug_ranges  0x0000000000000620       0x30 ../libopencm3-st/libopencm3//lib/libopencm3_stm32f1.a(usart_common_f124.o)
 .debug_ranges  0x0000000000000650       0x58 ../libopencm3-st/libopencm3//lib/libopencm3_stm32f1.a(rcc_common_all.o)
 .debug_ranges  0x00000000000006a8       0x78 ../libopencm3-st/libopencm3//lib/libopencm3_stm32f1.a(flash_common_f01.o)
 .debug_ranges  0x0000000000000720       0x78 ../libopencm3-st/libopencm3//lib/libopencm3_stm32f1.a(usb.o)
 .debug_ranges  0x0000000000000798       0x88 ../libopencm3-st/libopencm3//lib/libopencm3_stm32f1.a(usb_control.o)
 .debug_ranges  0x0000000000000820       0xe0 ../libopencm3-st/libopencm3//lib/libopencm3_stm32f1.a(usb_standard.o)
 .debug_ranges  0x0000000000000900       0x10 ../libopencm3-st/libopencm3//lib/libopencm3_stm32f1.a(usb_f107.o)
 .debug_ranges  0x0000000000000910       0x20 ../libopencm3-st/libopencm3//lib/libopencm3_stm32f1.a(vector.o)
 .debug_ranges  0x0000000000000930       0x50 ../libopencm3-st/libopencm3//lib/libopencm3_stm32f1.a(nvic.o)
 .debug_ranges  0x0000000000000980       0x70 ../libopencm3-st/libopencm3//lib/libopencm3_stm32f1.a(usb_fx07_common.o)

.debug_line     0x0000000000000000     0x6ab4
 .debug_line    0x0000000000000000      0x293 main.o
 .debug_line    0x0000000000000293     0x1238 amain.o
 .debug_line    0x00000000000014cb      0x396 uart1.o
 .debug_line    0x0000000000001861      0x195 SRC/Wortbirne.o
 .debug_line    0x00000000000019f6      0x2d7 iovfm.o
 .debug_line    0x0000000000001ccd      0x308 cdcacm.o
 .debug_line    0x0000000000001fd5      0x3f8 slcan/slcan.o
 .debug_line    0x00000000000023cd      0x353 slcan/can_driver.o
 .debug_line    0x0000000000002720      0x4c4 ../libopencm3-st/libopencm3//lib/libopencm3_stm32f1.a(can.o)
 .debug_line    0x0000000000002be4      0x402 ../libopencm3-st/libopencm3//lib/libopencm3_stm32f1.a(flash.o)
 .debug_line    0x0000000000002fe6      0x328 ../libopencm3-st/libopencm3//lib/libopencm3_stm32f1.a(gpio.o)
 .debug_line    0x000000000000330e      0x6d3 ../libopencm3-st/libopencm3//lib/libopencm3_stm32f1.a(rcc.o)
 .debug_line    0x00000000000039e1      0x35e ../libopencm3-st/libopencm3//lib/libopencm3_stm32f1.a(gpio_common_all.o)
 .debug_line    0x0000000000003d3f      0x494 ../libopencm3-st/libopencm3//lib/libopencm3_stm32f1.a(usart_common_all.o)
 .debug_line    0x00000000000041d3      0x37f ../libopencm3-st/libopencm3//lib/libopencm3_stm32f1.a(usart_common_f124.o)
 .debug_line    0x0000000000004552      0x389 ../libopencm3-st/libopencm3//lib/libopencm3_stm32f1.a(rcc_common_all.o)
 .debug_line    0x00000000000048db      0x3e9 ../libopencm3-st/libopencm3//lib/libopencm3_stm32f1.a(flash_common_f01.o)
 .debug_line    0x0000000000004cc4      0x3ef ../libopencm3-st/libopencm3//lib/libopencm3_stm32f1.a(usb.o)
 .debug_line    0x00000000000050b3      0x453 ../libopencm3-st/libopencm3//lib/libopencm3_stm32f1.a(usb_control.o)
 .debug_line    0x0000000000005506      0x583 ../libopencm3-st/libopencm3//lib/libopencm3_stm32f1.a(usb_standard.o)
 .debug_line    0x0000000000005a89      0x418 ../libopencm3-st/libopencm3//lib/libopencm3_stm32f1.a(usb_f107.o)
 .debug_line    0x0000000000005ea1      0x374 ../libopencm3-st/libopencm3//lib/libopencm3_stm32f1.a(vector.o)
 .debug_line    0x0000000000006215      0x32e ../libopencm3-st/libopencm3//lib/libopencm3_stm32f1.a(nvic.o)
 .debug_line    0x0000000000006543      0x571 ../libopencm3-st/libopencm3//lib/libopencm3_stm32f1.a(usb_fx07_common.o)

.debug_str      0x0000000000000000    0x19cbe
 .debug_str     0x0000000000000000      0x7e8 main.o
                                        0x91d (size before relaxing)
 .debug_str     0x00000000000007e8       0x20 amain.o
                                         0x53 (size before relaxing)
 .debug_str     0x0000000000000808      0x144 uart1.o
                                        0x9b9 (size before relaxing)
 .debug_str     0x000000000000094c       0x10 SRC/Wortbirne.o
                                         0x52 (size before relaxing)
 .debug_str     0x000000000000095c      0x5ee iovfm.o
                                        0xd16 (size before relaxing)
 .debug_str     0x0000000000000f4a      0x281 cdcacm.o
                                        0xedc (size before relaxing)
 .debug_str     0x00000000000011cb      0x1c5 slcan/slcan.o
                                        0x7b7 (size before relaxing)
 .debug_str     0x0000000000001390      0x12d slcan/can_driver.o
                                        0x5af (size before relaxing)
 .debug_str     0x00000000000014bd     0x81bc ../libopencm3-st/libopencm3//lib/libopencm3_stm32f1.a(can.o)
                                       0x844d (size before relaxing)
 .debug_str     0x0000000000009679      0x957 ../libopencm3-st/libopencm3//lib/libopencm3_stm32f1.a(flash.o)
                                       0x4db9 (size before relaxing)
 .debug_str     0x0000000000009fd0     0x380a ../libopencm3-st/libopencm3//lib/libopencm3_stm32f1.a(gpio.o)
                                       0x7c85 (size before relaxing)
 .debug_str     0x000000000000d7da      0x4d5 ../libopencm3-st/libopencm3//lib/libopencm3_stm32f1.a(rcc.o)
                                       0x7523 (size before relaxing)
 .debug_str     0x000000000000dcaf       0x5a ../libopencm3-st/libopencm3//lib/libopencm3_stm32f1.a(gpio_common_all.o)
                                       0x7c79 (size before relaxing)
 .debug_str     0x000000000000dd09     0x100b ../libopencm3-st/libopencm3//lib/libopencm3_stm32f1.a(usart_common_all.o)
                                       0x7989 (size before relaxing)
 .debug_str     0x000000000000ed14       0x2d ../libopencm3-st/libopencm3//lib/libopencm3_stm32f1.a(usart_common_f124.o)
                                       0x77c3 (size before relaxing)
 .debug_str     0x000000000000ed41      0x168 ../libopencm3-st/libopencm3//lib/libopencm3_stm32f1.a(rcc_common_all.o)
                                       0x6ea6 (size before relaxing)
 .debug_str     0x000000000000eea9       0xd1 ../libopencm3-st/libopencm3//lib/libopencm3_stm32f1.a(flash_common_f01.o)
                                       0x4d2c (size before relaxing)
 .debug_str     0x000000000000ef7a     0x3418 ../libopencm3-st/libopencm3//lib/libopencm3_stm32f1.a(usb.o)
                                       0x7725 (size before relaxing)
 .debug_str     0x0000000000012392      0x1ee ../libopencm3-st/libopencm3//lib/libopencm3_stm32f1.a(usb_control.o)
                                       0x77c5 (size before relaxing)
 .debug_str     0x0000000000012580      0x2ab ../libopencm3-st/libopencm3//lib/libopencm3_stm32f1.a(usb_standard.o)
                                       0x78e7 (size before relaxing)
 .debug_str     0x000000000001282b     0x3381 ../libopencm3-st/libopencm3//lib/libopencm3_stm32f1.a(usb_f107.o)
                                       0xdca3 (size before relaxing)
 .debug_str     0x0000000000015bac     0x24ec ../libopencm3-st/libopencm3//lib/libopencm3_stm32f1.a(vector.o)
                                       0x5dd6 (size before relaxing)
 .debug_str     0x0000000000018098      0x9ce ../libopencm3-st/libopencm3//lib/libopencm3_stm32f1.a(nvic.o)
                                       0x4ae2 (size before relaxing)
 .debug_str     0x0000000000018a66     0x1258 ../libopencm3-st/libopencm3//lib/libopencm3_stm32f1.a(usb_fx07_common.o)
                                       0xc89c (size before relaxing)

.comment        0x0000000000000000       0xfd
 .comment       0x0000000000000000       0x7e main.o
                                         0x7f (size before relaxing)
 .comment       0x000000000000007e       0x7f uart1.o
 .comment       0x000000000000007e       0x7f iovfm.o
 .comment       0x000000000000007e       0x7f cdcacm.o
 .comment       0x000000000000007e       0x7f slcan/slcan.o
 .comment       0x000000000000007e       0x7f slcan/can_driver.o
 .comment       0x000000000000007e       0x7f ../libopencm3-st/libopencm3//lib/libopencm3_stm32f1.a(can.o)
                                         0x80 (size before relaxing)
 .comment       0x00000000000000fd       0x80 ../libopencm3-st/libopencm3//lib/libopencm3_stm32f1.a(flash.o)
 .comment       0x00000000000000fd       0x80 ../libopencm3-st/libopencm3//lib/libopencm3_stm32f1.a(gpio.o)
 .comment       0x00000000000000fd       0x80 ../libopencm3-st/libopencm3//lib/libopencm3_stm32f1.a(rcc.o)
 .comment       0x00000000000000fd       0x80 ../libopencm3-st/libopencm3//lib/libopencm3_stm32f1.a(gpio_common_all.o)
 .comment       0x00000000000000fd       0x80 ../libopencm3-st/libopencm3//lib/libopencm3_stm32f1.a(usart_common_all.o)
 .comment       0x00000000000000fd       0x80 ../libopencm3-st/libopencm3//lib/libopencm3_stm32f1.a(usart_common_f124.o)
 .comment       0x00000000000000fd       0x80 ../libopencm3-st/libopencm3//lib/libopencm3_stm32f1.a(rcc_common_all.o)
 .comment       0x00000000000000fd       0x80 ../libopencm3-st/libopencm3//lib/libopencm3_stm32f1.a(flash_common_f01.o)
 .comment       0x00000000000000fd       0x80 ../libopencm3-st/libopencm3//lib/libopencm3_stm32f1.a(usb.o)
 .comment       0x00000000000000fd       0x80 ../libopencm3-st/libopencm3//lib/libopencm3_stm32f1.a(usb_control.o)
 .comment       0x00000000000000fd       0x80 ../libopencm3-st/libopencm3//lib/libopencm3_stm32f1.a(usb_standard.o)
 .comment       0x00000000000000fd       0x80 ../libopencm3-st/libopencm3//lib/libopencm3_stm32f1.a(usb_f107.o)
 .comment       0x00000000000000fd       0x80 ../libopencm3-st/libopencm3//lib/libopencm3_stm32f1.a(vector.o)
 .comment       0x00000000000000fd       0x80 ../libopencm3-st/libopencm3//lib/libopencm3_stm32f1.a(nvic.o)
 .comment       0x00000000000000fd       0x80 ../libopencm3-st/libopencm3//lib/libopencm3_stm32f1.a(usb_fx07_common.o)

.ARM.attributes
                0x0000000000000000       0x35
 .ARM.attributes
                0x0000000000000000       0x33 main.o
 .ARM.attributes
                0x0000000000000033       0x25 amain.o
 .ARM.attributes
                0x0000000000000058       0x33 uart1.o
 .ARM.attributes
                0x000000000000008b       0x21 SRC/Wortbirne.o
 .ARM.attributes
                0x00000000000000ac       0x33 iovfm.o
 .ARM.attributes
                0x00000000000000df       0x33 cdcacm.o
 .ARM.attributes
                0x0000000000000112       0x33 slcan/slcan.o
 .ARM.attributes
                0x0000000000000145       0x33 slcan/can_driver.o
 .ARM.attributes
                0x0000000000000178       0x33 ../libopencm3-st/libopencm3//lib/libopencm3_stm32f1.a(can.o)
 .ARM.attributes
                0x00000000000001ab       0x33 ../libopencm3-st/libopencm3//lib/libopencm3_stm32f1.a(flash.o)
 .ARM.attributes
                0x00000000000001de       0x33 ../libopencm3-st/libopencm3//lib/libopencm3_stm32f1.a(gpio.o)
 .ARM.attributes
                0x0000000000000211       0x33 ../libopencm3-st/libopencm3//lib/libopencm3_stm32f1.a(rcc.o)
 .ARM.attributes
                0x0000000000000244       0x33 ../libopencm3-st/libopencm3//lib/libopencm3_stm32f1.a(gpio_common_all.o)
 .ARM.attributes
                0x0000000000000277       0x33 ../libopencm3-st/libopencm3//lib/libopencm3_stm32f1.a(usart_common_all.o)
 .ARM.attributes
                0x00000000000002aa       0x33 ../libopencm3-st/libopencm3//lib/libopencm3_stm32f1.a(usart_common_f124.o)
 .ARM.attributes
                0x00000000000002dd       0x33 ../libopencm3-st/libopencm3//lib/libopencm3_stm32f1.a(rcc_common_all.o)
 .ARM.attributes
                0x0000000000000310       0x33 ../libopencm3-st/libopencm3//lib/libopencm3_stm32f1.a(flash_common_f01.o)
 .ARM.attributes
                0x0000000000000343       0x33 ../libopencm3-st/libopencm3//lib/libopencm3_stm32f1.a(usb.o)
 .ARM.attributes
                0x0000000000000376       0x33 ../libopencm3-st/libopencm3//lib/libopencm3_stm32f1.a(usb_control.o)
 .ARM.attributes
                0x00000000000003a9       0x33 ../libopencm3-st/libopencm3//lib/libopencm3_stm32f1.a(usb_standard.o)
 .ARM.attributes
                0x00000000000003dc       0x33 ../libopencm3-st/libopencm3//lib/libopencm3_stm32f1.a(usb_f107.o)
 .ARM.attributes
                0x000000000000040f       0x33 ../libopencm3-st/libopencm3//lib/libopencm3_stm32f1.a(vector.o)
 .ARM.attributes
                0x0000000000000442       0x33 ../libopencm3-st/libopencm3//lib/libopencm3_stm32f1.a(nvic.o)
 .ARM.attributes
                0x0000000000000475       0x33 ../libopencm3-st/libopencm3//lib/libopencm3_stm32f1.a(usb_fx07_common.o)
 .ARM.attributes
                0x00000000000004a8       0x1b /home/mak/gcc-arm-none-eabi-7-2017-q4-major/bin/../lib/gcc/arm-none-eabi/7.2.1/../../../../arm-none-eabi/lib/thumb/v7-m/libc.a(lib_a-memcpy.o)
 .ARM.attributes
                0x00000000000004c3       0x2d /home/mak/gcc-arm-none-eabi-7-2017-q4-major/bin/../lib/gcc/arm-none-eabi/7.2.1/../../../../arm-none-eabi/lib/thumb/v7-m/libc.a(lib_a-stpcpy.o)
 .ARM.attributes
                0x00000000000004f0       0x2d /home/mak/gcc-arm-none-eabi-7-2017-q4-major/bin/../lib/gcc/arm-none-eabi/7.2.1/../../../../arm-none-eabi/lib/thumb/v7-m/libc.a(lib_a-strlen-stub.o)

.debug_frame    0x0000000000000000     0x161c
 .debug_frame   0x0000000000000000       0x50 main.o
 .debug_frame   0x0000000000000050      0x138 uart1.o
 .debug_frame   0x0000000000000188       0x94 iovfm.o
 .debug_frame   0x000000000000021c       0xb4 cdcacm.o
 .debug_frame   0x00000000000002d0      0x198 slcan/slcan.o
 .debug_frame   0x0000000000000468       0xb8 slcan/can_driver.o
 .debug_frame   0x0000000000000520      0x178 ../libopencm3-st/libopencm3//lib/libopencm3_stm32f1.a(can.o)
 .debug_frame   0x0000000000000698      0x10c ../libopencm3-st/libopencm3//lib/libopencm3_stm32f1.a(flash.o)
 .debug_frame   0x00000000000007a4       0x64 ../libopencm3-st/libopencm3//lib/libopencm3_stm32f1.a(gpio.o)
 .debug_frame   0x0000000000000808      0x2e0 ../libopencm3-st/libopencm3//lib/libopencm3_stm32f1.a(rcc.o)
 .debug_frame   0x0000000000000ae8       0x80 ../libopencm3-st/libopencm3//lib/libopencm3_stm32f1.a(gpio_common_all.o)
 .debug_frame   0x0000000000000b68      0x170 ../libopencm3-st/libopencm3//lib/libopencm3_stm32f1.a(usart_common_all.o)
 .debug_frame   0x0000000000000cd8       0x60 ../libopencm3-st/libopencm3//lib/libopencm3_stm32f1.a(usart_common_f124.o)
 .debug_frame   0x0000000000000d38       0xd0 ../libopencm3-st/libopencm3//lib/libopencm3_stm32f1.a(rcc_common_all.o)
 .debug_frame   0x0000000000000e08      0x120 ../libopencm3-st/libopencm3//lib/libopencm3_stm32f1.a(flash_common_f01.o)
 .debug_frame   0x0000000000000f28      0x13c ../libopencm3-st/libopencm3//lib/libopencm3_stm32f1.a(usb.o)
 .debug_frame   0x0000000000001064      0x164 ../libopencm3-st/libopencm3//lib/libopencm3_stm32f1.a(usb_control.o)
 .debug_frame   0x00000000000011c8      0x1ec ../libopencm3-st/libopencm3//lib/libopencm3_stm32f1.a(usb_standard.o)
 .debug_frame   0x00000000000013b4       0x28 ../libopencm3-st/libopencm3//lib/libopencm3_stm32f1.a(usb_f107.o)
 .debug_frame   0x00000000000013dc       0x40 ../libopencm3-st/libopencm3//lib/libopencm3_stm32f1.a(vector.o)
 .debug_frame   0x000000000000141c       0xa0 ../libopencm3-st/libopencm3//lib/libopencm3_stm32f1.a(nvic.o)
 .debug_frame   0x00000000000014bc      0x114 ../libopencm3-st/libopencm3//lib/libopencm3_stm32f1.a(usb_fx07_common.o)
 .debug_frame   0x00000000000015d0       0x2c /home/mak/gcc-arm-none-eabi-7-2017-q4-major/bin/../lib/gcc/arm-none-eabi/7.2.1/../../../../arm-none-eabi/lib/thumb/v7-m/libc.a(lib_a-stpcpy.o)
 .debug_frame   0x00000000000015fc       0x20 /home/mak/gcc-arm-none-eabi-7-2017-q4-major/bin/../lib/gcc/arm-none-eabi/7.2.1/../../../../arm-none-eabi/lib/thumb/v7-m/libc.a(lib_a-strlen-stub.o)

.debug_loc      0x0000000000000000     0x4611
 .debug_loc     0x0000000000000000       0xe0 uart1.o
 .debug_loc     0x00000000000000e0       0x95 iovfm.o
 .debug_loc     0x0000000000000175      0x16e cdcacm.o
 .debug_loc     0x00000000000002e3      0x78f slcan/slcan.o
 .debug_loc     0x0000000000000a72       0xef slcan/can_driver.o
 .debug_loc     0x0000000000000b61      0xa05 ../libopencm3-st/libopencm3//lib/libopencm3_stm32f1.a(can.o)
 .debug_loc     0x0000000000001566       0x80 ../libopencm3-st/libopencm3//lib/libopencm3_stm32f1.a(flash.o)
 .debug_loc     0x00000000000015e6      0x172 ../libopencm3-st/libopencm3//lib/libopencm3_stm32f1.a(gpio.o)
 .debug_loc     0x0000000000001758      0x480 ../libopencm3-st/libopencm3//lib/libopencm3_stm32f1.a(rcc.o)
 .debug_loc     0x0000000000001bd8       0x97 ../libopencm3-st/libopencm3//lib/libopencm3_stm32f1.a(gpio_common_all.o)
 .debug_loc     0x0000000000001c6f      0x1ca ../libopencm3-st/libopencm3//lib/libopencm3_stm32f1.a(usart_common_all.o)
 .debug_loc     0x0000000000001e39       0x63 ../libopencm3-st/libopencm3//lib/libopencm3_stm32f1.a(usart_common_f124.o)
 .debug_loc     0x0000000000001e9c      0x108 ../libopencm3-st/libopencm3//lib/libopencm3_stm32f1.a(rcc_common_all.o)
 .debug_loc     0x0000000000001fa4       0xd3 ../libopencm3-st/libopencm3//lib/libopencm3_stm32f1.a(flash_common_f01.o)
 .debug_loc     0x0000000000002077      0x4b1 ../libopencm3-st/libopencm3//lib/libopencm3_stm32f1.a(usb.o)
 .debug_loc     0x0000000000002528      0x697 ../libopencm3-st/libopencm3//lib/libopencm3_stm32f1.a(usb_control.o)
 .debug_loc     0x0000000000002bbf     0x10e6 ../libopencm3-st/libopencm3//lib/libopencm3_stm32f1.a(usb_standard.o)
 .debug_loc     0x0000000000003ca5       0xea ../libopencm3-st/libopencm3//lib/libopencm3_stm32f1.a(vector.o)
 .debug_loc     0x0000000000003d8f      0x129 ../libopencm3-st/libopencm3//lib/libopencm3_stm32f1.a(nvic.o)
 .debug_loc     0x0000000000003eb8      0x759 ../libopencm3-st/libopencm3//lib/libopencm3_stm32f1.a(usb_fx07_common.o)

.debug_macro    0x0000000000000000     0x6262
 .debug_macro   0x0000000000000000       0xca ../libopencm3-st/libopencm3//lib/libopencm3_stm32f1.a(can.o)
 .debug_macro   0x00000000000000ca      0x8a4 ../libopencm3-st/libopencm3//lib/libopencm3_stm32f1.a(can.o)
 .debug_macro   0x000000000000096e       0x58 ../libopencm3-st/libopencm3//lib/libopencm3_stm32f1.a(can.o)
 .debug_macro   0x00000000000009c6      0x1b4 ../libopencm3-st/libopencm3//lib/libopencm3_stm32f1.a(can.o)
 .debug_macro   0x0000000000000b7a       0x22 ../libopencm3-st/libopencm3//lib/libopencm3_stm32f1.a(can.o)
 .debug_macro   0x0000000000000b9c       0x4f ../libopencm3-st/libopencm3//lib/libopencm3_stm32f1.a(can.o)
 .debug_macro   0x0000000000000beb       0x51 ../libopencm3-st/libopencm3//lib/libopencm3_stm32f1.a(can.o)
 .debug_macro   0x0000000000000c3c       0xef ../libopencm3-st/libopencm3//lib/libopencm3_stm32f1.a(can.o)
 .debug_macro   0x0000000000000d2b       0x6a ../libopencm3-st/libopencm3//lib/libopencm3_stm32f1.a(can.o)
 .debug_macro   0x0000000000000d95      0x1df ../libopencm3-st/libopencm3//lib/libopencm3_stm32f1.a(can.o)
 .debug_macro   0x0000000000000f74       0x22 ../libopencm3-st/libopencm3//lib/libopencm3_stm32f1.a(can.o)
 .debug_macro   0x0000000000000f96       0xfa ../libopencm3-st/libopencm3//lib/libopencm3_stm32f1.a(can.o)
 .debug_macro   0x0000000000001090      0x513 ../libopencm3-st/libopencm3//lib/libopencm3_stm32f1.a(can.o)
 .debug_macro   0x00000000000015a3      0x82c ../libopencm3-st/libopencm3//lib/libopencm3_stm32f1.a(can.o)
 .debug_macro   0x0000000000001dcf       0xc9 ../libopencm3-st/libopencm3//lib/libopencm3_stm32f1.a(flash.o)
 .debug_macro   0x0000000000001e98       0xdc ../libopencm3-st/libopencm3//lib/libopencm3_stm32f1.a(flash.o)
 .debug_macro   0x0000000000001f74       0x82 ../libopencm3-st/libopencm3//lib/libopencm3_stm32f1.a(flash.o)
 .debug_macro   0x0000000000001ff6       0xb9 ../libopencm3-st/libopencm3//lib/libopencm3_stm32f1.a(gpio.o)
 .debug_macro   0x00000000000020af       0x76 ../libopencm3-st/libopencm3//lib/libopencm3_stm32f1.a(gpio.o)
 .debug_macro   0x0000000000002125      0xdfd ../libopencm3-st/libopencm3//lib/libopencm3_stm32f1.a(gpio.o)
 .debug_macro   0x0000000000002f22       0xe0 ../libopencm3-st/libopencm3//lib/libopencm3_stm32f1.a(rcc.o)
 .debug_macro   0x0000000000003002       0x16 ../libopencm3-st/libopencm3//lib/libopencm3_stm32f1.a(rcc.o)
 .debug_macro   0x0000000000003018       0xb9 ../libopencm3-st/libopencm3//lib/libopencm3_stm32f1.a(gpio_common_all.o)
 .debug_macro   0x00000000000030d1       0xdb ../libopencm3-st/libopencm3//lib/libopencm3_stm32f1.a(usart_common_all.o)
 .debug_macro   0x00000000000031ac       0x8e ../libopencm3-st/libopencm3//lib/libopencm3_stm32f1.a(usart_common_all.o)
 .debug_macro   0x000000000000323a      0x273 ../libopencm3-st/libopencm3//lib/libopencm3_stm32f1.a(usart_common_all.o)
 .debug_macro   0x00000000000034ad       0xdb ../libopencm3-st/libopencm3//lib/libopencm3_stm32f1.a(usart_common_f124.o)
 .debug_macro   0x0000000000003588       0xcf ../libopencm3-st/libopencm3//lib/libopencm3_stm32f1.a(rcc_common_all.o)
 .debug_macro   0x0000000000003657       0xb9 ../libopencm3-st/libopencm3//lib/libopencm3_stm32f1.a(flash_common_f01.o)
 .debug_macro   0x0000000000003710      0x14a ../libopencm3-st/libopencm3//lib/libopencm3_stm32f1.a(usb.o)
 .debug_macro   0x000000000000385a       0x52 ../libopencm3-st/libopencm3//lib/libopencm3_stm32f1.a(usb.o)
 .debug_macro   0x00000000000038ac       0x55 ../libopencm3-st/libopencm3//lib/libopencm3_stm32f1.a(usb.o)
 .debug_macro   0x0000000000003901       0x35 ../libopencm3-st/libopencm3//lib/libopencm3_stm32f1.a(usb.o)
 .debug_macro   0x0000000000003936       0x9c ../libopencm3-st/libopencm3//lib/libopencm3_stm32f1.a(usb.o)
 .debug_macro   0x00000000000039d2      0x16d ../libopencm3-st/libopencm3//lib/libopencm3_stm32f1.a(usb.o)
 .debug_macro   0x0000000000003b3f       0x57 ../libopencm3-st/libopencm3//lib/libopencm3_stm32f1.a(usb.o)
 .debug_macro   0x0000000000003b96       0x58 ../libopencm3-st/libopencm3//lib/libopencm3_stm32f1.a(usb.o)
 .debug_macro   0x0000000000003bee       0x1f ../libopencm3-st/libopencm3//lib/libopencm3_stm32f1.a(usb.o)
 .debug_macro   0x0000000000003c0d       0x43 ../libopencm3-st/libopencm3//lib/libopencm3_stm32f1.a(usb.o)
 .debug_macro   0x0000000000003c50       0x20 ../libopencm3-st/libopencm3//lib/libopencm3_stm32f1.a(usb.o)
 .debug_macro   0x0000000000003c70      0x187 ../libopencm3-st/libopencm3//lib/libopencm3_stm32f1.a(usb.o)
 .debug_macro   0x0000000000003df7      0x330 ../libopencm3-st/libopencm3//lib/libopencm3_stm32f1.a(usb.o)
 .debug_macro   0x0000000000004127       0x10 ../libopencm3-st/libopencm3//lib/libopencm3_stm32f1.a(usb.o)
 .debug_macro   0x0000000000004137       0x35 ../libopencm3-st/libopencm3//lib/libopencm3_stm32f1.a(usb.o)
 .debug_macro   0x000000000000416c      0x196 ../libopencm3-st/libopencm3//lib/libopencm3_stm32f1.a(usb.o)
 .debug_macro   0x0000000000004302       0x10 ../libopencm3-st/libopencm3//lib/libopencm3_stm32f1.a(usb.o)
 .debug_macro   0x0000000000004312       0x1c ../libopencm3-st/libopencm3//lib/libopencm3_stm32f1.a(usb.o)
 .debug_macro   0x000000000000432e      0x158 ../libopencm3-st/libopencm3//lib/libopencm3_stm32f1.a(usb_control.o)
 .debug_macro   0x0000000000004486       0x16 ../libopencm3-st/libopencm3//lib/libopencm3_stm32f1.a(usb_control.o)
 .debug_macro   0x000000000000449c      0x10e ../libopencm3-st/libopencm3//lib/libopencm3_stm32f1.a(usb_control.o)
 .debug_macro   0x00000000000045aa       0x86 ../libopencm3-st/libopencm3//lib/libopencm3_stm32f1.a(usb_control.o)
 .debug_macro   0x0000000000004630       0x22 ../libopencm3-st/libopencm3//lib/libopencm3_stm32f1.a(usb_control.o)
 .debug_macro   0x0000000000004652      0x14a ../libopencm3-st/libopencm3//lib/libopencm3_stm32f1.a(usb_standard.o)
 .debug_macro   0x000000000000479c      0x1af ../libopencm3-st/libopencm3//lib/libopencm3_stm32f1.a(usb_f107.o)
 .debug_macro   0x000000000000494b       0x3a ../libopencm3-st/libopencm3//lib/libopencm3_stm32f1.a(usb_f107.o)
 .debug_macro   0x0000000000004985      0x8d7 ../libopencm3-st/libopencm3//lib/libopencm3_stm32f1.a(usb_f107.o)
 .debug_macro   0x000000000000525c      0x130 ../libopencm3-st/libopencm3//lib/libopencm3_stm32f1.a(usb_f107.o)
 .debug_macro   0x000000000000538c      0x19c ../libopencm3-st/libopencm3//lib/libopencm3_stm32f1.a(usb_f107.o)
 .debug_macro   0x0000000000005528       0xd0 ../libopencm3-st/libopencm3//lib/libopencm3_stm32f1.a(vector.o)
 .debug_macro   0x00000000000055f8      0x3a1 ../libopencm3-st/libopencm3//lib/libopencm3_stm32f1.a(vector.o)
 .debug_macro   0x0000000000005999       0x6a ../libopencm3-st/libopencm3//lib/libopencm3_stm32f1.a(vector.o)
 .debug_macro   0x0000000000005a03      0x1a2 ../libopencm3-st/libopencm3//lib/libopencm3_stm32f1.a(vector.o)
 .debug_macro   0x0000000000005ba5       0xb4 ../libopencm3-st/libopencm3//lib/libopencm3_stm32f1.a(nvic.o)
 .debug_macro   0x0000000000005c59       0x64 ../libopencm3-st/libopencm3//lib/libopencm3_stm32f1.a(nvic.o)
 .debug_macro   0x0000000000005cbd      0x1b0 ../libopencm3-st/libopencm3//lib/libopencm3_stm32f1.a(nvic.o)
 .debug_macro   0x0000000000005e6d      0x1a6 ../libopencm3-st/libopencm3//lib/libopencm3_stm32f1.a(usb_fx07_common.o)
 .debug_macro   0x0000000000006013      0x24f ../libopencm3-st/libopencm3//lib/libopencm3_stm32f1.a(usb_fx07_common.o)
