Archive member included to satisfy reference by file (symbol)

../libopencm3/lib/libopencm3_stm32f1.a(can.o)
                              slcan/can_driver.o (can_reset)
../libopencm3/lib/libopencm3_stm32f1.a(flash.o)
                              amain.o (flash_program_half_word)
../libopencm3/lib/libopencm3_stm32f1.a(gpio.o)
                              uart1.o (gpio_set_mode)
../libopencm3/lib/libopencm3_stm32f1.a(rcc.o)
                              uart1.o (rcc_clock_setup_in_hse_8mhz_out_72mhz)
../libopencm3/lib/libopencm3_stm32f1.a(gpio_common_all.o)
                              cdcacm.o (gpio_set)
../libopencm3/lib/libopencm3_stm32f1.a(usart_common_all.o)
                              uart1.o (usart_set_baudrate)
../libopencm3/lib/libopencm3_stm32f1.a(usart_common_f124.o)
                              ../libopencm3/lib/libopencm3_stm32f1.a(usart_common_all.o) (usart_send)
../libopencm3/lib/libopencm3_stm32f1.a(rcc_common_all.o)
                              main.o (rcc_periph_clock_enable)
../libopencm3/lib/libopencm3_stm32f1.a(flash_common_all.o)
                              ../libopencm3/lib/libopencm3_stm32f1.a(rcc.o) (flash_set_ws)
../libopencm3/lib/libopencm3_stm32f1.a(flash_common_f.o)
                              amain.o (flash_unlock)
../libopencm3/lib/libopencm3_stm32f1.a(flash_common_f01.o)
                              ../libopencm3/lib/libopencm3_stm32f1.a(flash.o) (flash_clear_pgerr_flag)
../libopencm3/lib/libopencm3_stm32f1.a(usb.o)
                              cdcacm.o (usbd_init)
../libopencm3/lib/libopencm3_stm32f1.a(usb_control.o)
                              cdcacm.o (usbd_register_control_callback)
../libopencm3/lib/libopencm3_stm32f1.a(usb_standard.o)
                              cdcacm.o (usbd_register_set_config_callback)
../libopencm3/lib/libopencm3_stm32f1.a(usb_f107.o)
                              cdcacm.o (stm32f107_usb_driver)
../libopencm3/lib/libopencm3_stm32f1.a(vector.o)
                              (reset_handler)
../libopencm3/lib/libopencm3_stm32f1.a(nvic.o)
                              uart1.o (nvic_enable_irq)
../libopencm3/lib/libopencm3_stm32f1.a(assert.o)
                              ../libopencm3/lib/libopencm3_stm32f1.a(rcc.o) (cm3_assert_failed)
../libopencm3/lib/libopencm3_stm32f1.a(usb_dwc_common.o)
                              ../libopencm3/lib/libopencm3_stm32f1.a(usb_f107.o) (dwc_set_address)
/home/mak/gcc-arm-none-eabi-7-2017-q4-major/bin/../lib/gcc/arm-none-eabi/7.2.1/../../../../arm-none-eabi/lib/thumb/v7-m/libc.a(lib_a-memcpy.o)
                              ../libopencm3/lib/libopencm3_stm32f1.a(usb_standard.o) (memcpy)
/home/mak/gcc-arm-none-eabi-7-2017-q4-major/bin/../lib/gcc/arm-none-eabi/7.2.1/../../../../arm-none-eabi/lib/thumb/v7-m/libc.a(lib_a-stpcpy.o)
                              slcan/slcan.o (stpcpy)
/home/mak/gcc-arm-none-eabi-7-2017-q4-major/bin/../lib/gcc/arm-none-eabi/7.2.1/../../../../arm-none-eabi/lib/thumb/v7-m/libc.a(lib_a-strlen-stub.o)
                              slcan/slcan.o (strlen)

Discarded input sections

 .text          0x0000000000000000        0x0 main.o
 .data          0x0000000000000000        0x0 main.o
 .bss           0x0000000000000000        0x0 main.o
 .text.ctest    0x0000000000000000       0x14 main.o
 .text.stm32f107_USBdInit
                0x0000000000000000       0xbc main.o
 .bss.tttt      0x0000000000000000        0x4 main.o
 .text          0x0000000000000000        0x0 amain.o
 .data          0x0000000000000000        0x0 amain.o
 .bss           0x0000000000000000        0x0 amain.o
 .text          0x0000000000000000        0x0 uart1.o
 .data          0x0000000000000000        0x0 uart1.o
 .bss           0x0000000000000000        0x0 uart1.o
 .text.ComClr2  0x0000000000000000       0x18 uart1.o
 .text.UART2_Transmit
                0x0000000000000000       0x20 uart1.o
 .text.slcan_usart2_write
                0x0000000000000000        0x4 uart1.o
 .text.usart3_setup
                0x0000000000000000       0x78 uart1.o
 .data          0x0000000000000000        0x0 SRC/Wortbirne.o
 .bss           0x0000000000000000        0x0 SRC/Wortbirne.o
 .text          0x0000000000000000        0x0 iovfm.o
 .data          0x0000000000000000        0x0 iovfm.o
 .bss           0x0000000000000000        0x0 iovfm.o
 .text.ttgetchar
                0x0000000000000000       0xcc iovfm.o
 .bss.ccbuf     0x0000000000000000       0x6f iovfm.o
 .bss.ppIn      0x0000000000000000        0x4 iovfm.o
 .bss.ppOut     0x0000000000000000        0x4 iovfm.o
 .text          0x0000000000000000        0x0 cdcacm.o
 .data          0x0000000000000000        0x0 cdcacm.o
 .bss           0x0000000000000000        0x0 cdcacm.o
 .text          0x0000000000000000        0x0 slcan/slcan.o
 .data          0x0000000000000000        0x0 slcan/slcan.o
 .bss           0x0000000000000000        0x0 slcan/slcan.o
 .text.can_send_tst
                0x0000000000000000       0x34 slcan/slcan.o
 .text.slcan_getline
[...]
Memory Configuration

Name             Origin             Length             Attributes
rom              0x0000000008000000 0x0000000000040000 xr
ram              0x0000000020000000 0x0000000000010000 xrw
*default*        0x0000000000000000 0xffffffffffffffff

Linker script and memory map

LOAD main.o
LOAD amain.o
LOAD uart1.o
LOAD SRC/Wortbirne.o
LOAD iovfm.o
LOAD cdcacm.o
LOAD slcan/slcan.o
LOAD slcan/can_driver.o
LOAD ../libopencm3/lib/libopencm3_stm32f1.a
START GROUP
LOAD /home/mak/gcc-arm-none-eabi-7-2017-q4-major/bin/../lib/gcc/arm-none-eabi/7.2.1/../../../../arm-none-eabi/lib/thumb/v7-m/libc.a
LOAD /home/mak/gcc-arm-none-eabi-7-2017-q4-major/bin/../lib/gcc/arm-none-eabi/7.2.1/thumb/v7-m/libgcc.a
LOAD /home/mak/gcc-arm-none-eabi-7-2017-q4-major/bin/../lib/gcc/arm-none-eabi/7.2.1/../../../../arm-none-eabi/lib/thumb/v7-m/libnosys.a
END GROUP
START GROUP
LOAD /home/mak/gcc-arm-none-eabi-7-2017-q4-major/bin/../lib/gcc/arm-none-eabi/7.2.1/thumb/v7-m/libgcc.a
LOAD /home/mak/gcc-arm-none-eabi-7-2017-q4-major/bin/../lib/gcc/arm-none-eabi/7.2.1/../../../../arm-none-eabi/lib/thumb/v7-m/libc.a
END GROUP

.text           0x0000000008000000     0x6984
 *(.vectors)
 .vectors       0x0000000008000000      0x150 ../libopencm3/lib/libopencm3_stm32f1.a(vector.o)
                0x0000000008000000                vector_table
 *(.text*)
 .text.startup.main
                0x0000000008000150       0x3c main.o
                0x0000000008000150                main
 .text.tstadd   0x000000000800018c     0x2df8 amain.o
                0x000000000800018c                tstadd
                0x000000000800018c                fimg
                0x000000000800018c                RPload
                0x0000000008000192                NOOP
                0x0000000008000194                RPsave
                0x0000000008000196                DgreatS
                0x000000000800019a                Rload
                0x000000000800019e                DROPRload
                0x00000000080001a2                UNLOOP
                0x00000000080001a4                RgreatDROP
                0x00000000080001a8                DUPgreatR
                0x00000000080001ac                greatR
                0x00000000080001b2                Rgreat
                0x00000000080001ba                _2Rgreat
                0x00000000080001c4                _2Rload
                0x00000000080001d0                _2greatR
                0x00000000080001d8                greatRgreatR
                0x00000000080001e0                SPload
                0x00000000080001e8                SPsave
                0x00000000080001ee                loadEXECUTE
                0x00000000080001f0                EXECUTE
                0x00000000080001f6                Cload
                0x00000000080001fa                Wload
                0x00000000080001fe                _2Cload
                0x0000000008000208                load
                0x000000000800020c                _4Cload
                0x0000000008000222                Csave
                0x000000000800022a                Wsave
                0x0000000008000232                _2Csave
                0x000000000800023e                save
                0x0000000008000246                _4Csave
                0x000000000800025a                OFF
                0x0000000008000262                ON
                0x000000000800026c                _2save
                0x0000000008000276                _2load
                0x0000000008000280                addsave
                0x000000000800028c                Caddsave
                0x0000000008000298                _1addsave
                0x00000000080002a2                _1subsave
                0x00000000080002ac                MIN
                0x00000000080002b6                ABS
                0x00000000080002be                UMIN
                0x00000000080002c8                MAX
                0x00000000080002d2                UMAX
                0x00000000080002dc                _0MAX
                0x00000000080002e4                equ
                0x00000000080002e8                _0equ
                0x00000000080002ee                lessgreat
                0x00000000080002f2                _0lessgreat
                0x00000000080002f8                great
                0x0000000008000306                less
                0x0000000008000314                _0less
                0x0000000008000318                Ugreat
                0x0000000008000320                Uless
                0x0000000008000328                AND
                0x000000000800032e                ANDC
                0x0000000008000336                ANDCsave
                0x0000000008000344                HBICsave
                0x0000000008000352                CANDCsave
                0x0000000008000360                ANDsave
                0x000000000800036e                OR
                0x0000000008000374                XOR
                0x000000000800037a                ORsave
                0x0000000008000386                HBISsave
                0x0000000008000392                CORsave
                0x000000000800039e                XORsave
                0x00000000080003aa                CXORsave
                0x00000000080003b6                BITload
                0x00000000080003c4                NOT
                0x00000000080003c8                NEGATE
                0x00000000080003cc                DNEGATE
                0x00000000080003dc                add
                0x00000000080003e2                Dadd
                0x00000000080003f0                sub
                0x00000000080003f6                Dsub
                0x0000000008000404                DUless
                0x0000000008000410                CELLadd
                0x0000000008000412                _2add
                0x0000000008000414                CHARadd
                0x0000000008000418                CELLsub
                0x000000000800041a                _2sub
                0x000000000800041c                _1sub
                0x0000000008000420                CELLS
                0x0000000008000422                _2mul
                0x0000000008000426                _2rsl
                0x000000000800042a                EVEN
                0x0000000008000434                mul
                0x000000000800043a                rsl
                0x0000000008000442                MOD
                0x000000000800044e                rslMOD
                0x000000000800045e                UrslMOD
                0x000000000800046e                UMmul
                0x0000000008000478                Mmul
                0x0000000008000482                queDUP
                0x0000000008000484                DUP
                0x000000000800048a                _2DUP
                0x0000000008000492                SWAP
                0x000000000800049a                _2SWAP
                0x00000000080004aa                _2DROP
                0x00000000080004ae                _2DRRR
                0x00000000080004b4                OVER
                0x00000000080004bc                _2OVER
                0x00000000080004c6                TUCK
                0x00000000080004d0                NIP
                0x00000000080004d4                ROT
                0x00000000080004de                subROT
                0x00000000080004e8                PICK
                0x00000000080004ee                ARSHIFT
                0x00000000080004f6                greatgreat
                0x00000000080004fe                lessless
                0x0000000008000506                BIT
                0x0000000008000510                COUNT
                0x000000000800051a                BOUNDS
                0x0000000008000524                FILL
                0x0000000008000536                WFILL
                0x0000000008000548                CMOVE
                0x000000000800055e                W2CMOVE
                0x0000000008000574                CMOVEgreat
                0x0000000008000594                SERIALsubEMIT
                0x00000000080005ac                SERIALsubEMITque
                0x00000000080005b6                SERIALsubKEYque
                0x00000000080005c4                SERIALsubKEY
                0x00000000080005d2                usbsubemit
                0x00000000080005de                usbsubkeyque
                0x00000000080005ec                usbsubkey
                0x00000000080005fa                HHP
                0x0000000008000606                FLASHsave
                0x0000000008000614                FLASHsubERASE
                0x0000000008000620                SLCAN_RXSPIN
                0x000000000800062e                CAN_CNT
                0x000000000800063c                SLCAN_DECODE
                0x0000000008000648                I
                0x0000000008000654                J
                0x0000000008000660                K
                0x000000000800066c                cDOcend
                0x000000000800067a                cqueDOcend
                0x0000000008000698                cLOOPcend
                0x00000000080006ac                caddLOOPcend
                0x00000000080006c6                cLEAVEcend
                0x00000000080006d0                tstsub
                0x00000000080006d0                DOCREATE
                0x00000000080006dc                DOCONST
                0x00000000080006ec                D2mul
                0x00000000080006fc                D0equ
                0x0000000008000708                UMrslMOD
                0x00000000080007bc                Ursl
                0x00000000080007c8                UMOD
                0x00000000080007d4                EMIT
                0x00000000080007e8                KEY
                0x00000000080007fc                KEYque
                0x0000000008000810                HHdot
                0x0000000008000824                DABS
                0x0000000008000834                HALIGNED
                0x0000000008000840                IALIGNED
                0x0000000008000850                cSdticcend
                0x0000000008000878                TYPE
                0x00000000080008a0                zzz
                0x00000000080008c0                HEX_
                0x00000000080008d8                DECIMAL_
                0x00000000080008f0                HOLD
                0x000000000800091c                lessn
                0x0000000008000950                n
                0x00000000080009b0                nS
                0x00000000080009c8                ngreat
                0x00000000080009f0                SIGN
                0x0000000008000a08                cDdotcend
                0x0000000008000a30                SPACE
                0x0000000008000a40                Ddot
                0x0000000008000a50                SgreatD
                0x0000000008000a5c                dot
                0x0000000008000a68                Udot
                0x0000000008000a78                Hdot
                0x0000000008000aa4                CR
                0x0000000008000ab4                FORTH_
                0x0000000008000ad4                DEFINITIONS_
                0x0000000008000af4                COTT
                0x0000000008000b04                PPP
                0x0000000008000b08                WORDS_
                0x0000000008000b40                ACCEPT
                0x0000000008000c00                SOURCE
                0x0000000008000c20                SOURCEsave
                0x0000000008000c40                EndOfChunk
                0x0000000008000c60                IsDelimiter
                0x0000000008000c70                CharAddr
                0x0000000008000c88                PeekChar
                0x0000000008000c94                GetChar
                0x0000000008000cc0                OnDelimiter
                0x0000000008000cd8                SkipDelimiters
                0x0000000008000d00                OnNotDelimiter
                0x0000000008000d1c                SkipWord
                0x0000000008000d44                ParseWord
                0x0000000008000d6c                PARSEsubNAME
                0x0000000008000da8                SkipUpTo
                0x0000000008000de8                PARSE_
                0x0000000008000e2c                QUERY
                0x0000000008000e70                REFILL
                0x0000000008000e80                COMPARE
                0x0000000008000f18                UPC
                0x0000000008000f34                UCOMPARE
                0x0000000008000fdc                NAMEgreat
                0x0000000008000ff4                NAMEgreatF
                0x0000000008001000                SEARCHsubWORDLIST
                0x0000000008001070                _2NIP
                0x0000000008001084                SFIND
                0x00000000080010dc                ALLOT_
                0x00000000080010f8                HERE_
                0x000000000800110c                com_
                0x0000000008001120                Wcom_
                0x0000000008001134                Ccom_
                0x0000000008001148                LMOVWTcom
                0x00000000080011a8                LITcom_
                0x00000000080011f4                NCOMPILEcom
                0x00000000080012a0                COMPILEcom_
                0x000000000800131c                _2LITERAL_
                0x0000000008001344                LITERAL_
                0x0000000008001364                DIGIT
                0x00000000080013fc                CATCH
                0x0000000008001448                THROW
                0x00000000080014a0                greatNUMBER
                0x0000000008001528                queSLITERAL0
                0x00000000080015f4                queSLITERAL
                0x000000000800166c                queSTACK
                0x0000000008001670                INTERPRET_
                0x00000000080016c0                OKdot
                0x00000000080016d8                QUIT
                0x00000000080016f4                XXX
                0x0000000008001708                HELLO
                0x0000000008001724                SETsubCURRENT
                0x0000000008001738                GETsubCURRENT
                0x000000000800174c                GETsubORDER
                0x00000000080017b0                SETsubORDER
                0x00000000080017fc                IDdot
                0x000000000800180c                VOCsubNAMEdot
                0x000000000800186c                ORDER_
                0x00000000080018c8                ALIGNED_
                0x00000000080018d8                ALIGN_
                0x00000000080018f4                HALIGNED_
                0x0000000008001904                LALIGNED_
                0x0000000008001914                LINKcom
                0x0000000008001930                HEADERcom_
                0x0000000008001950                HALIGN_
                0x000000000800196c                Sdticcom_
                0x0000000008001990                SHEADER_0
                0x00000000080019a4                SHEADER_
                0x00000000080019cc                IMMEDIATE_
                0x00000000080019f4                HEADER_
                0x0000000008001a00                tic_
                0x0000000008001a24                xticy_
                0x0000000008001a30                y_
                0x0000000008001a44                x_
                0x0000000008001a5c                EXITcom_
                0x0000000008001a6c                NESTcom_
                0x0000000008001a7c                dcoma_
                0x0000000008001a90                queCOMP
                0x0000000008001a94                end_
                0x0000000008001ac4                dot0
                0x0000000008001b1c                greatPRT
                0x0000000008001b48                PTYPE
                0x0000000008001b74                DUMP
                0x0000000008001c54                BXXdotN
                0x0000000008001ca8                BXXdotWcom_
                0x0000000008001d74                FARque
                0x0000000008001d94                BEQdotWcom_
                0x0000000008001da8                queBRANCHdotFcom_
                0x0000000008001dc8                queBRANCHcom_
                0x0000000008001e08                BRANCHcom_
                0x0000000008001e2c                BEGIN_
                0x0000000008001e40                UNTIL_
                0x0000000008001e6c                AGAIN_
                0x0000000008001e98                AHEAD_
                0x0000000008001eb4                IF_
                0x0000000008001ed0                THEN_
                0x0000000008001fd0                CSsubSWAP
                0x0000000008001fd8                ELSE_
                0x0000000008001fe8                WHILE_
                0x0000000008001ff4                REPEAT_
                0x0000000008002000                RESOLVEsubLEAVE_
                0x0000000008002054                LEAVE_
                0x00000000080020b4                queDO_
                0x00000000080020fc                DO_
                0x0000000008002128                LOOPcom
                0x000000000800216c                addLOOPcom
                0x00000000080021bc                LOOP_
                0x00000000080021f8                addLOOP_
                0x0000000008002234                c_
                0x0000000008002270                dotc
                0x0000000008002284                sl_
                0x000000000800229c                SLITcom_
                0x00000000080022d0                Sdtic_
                0x00000000080022f8                dotdtic_
                0x0000000008002310                xCOMPILEy_
                0x000000000800231c                POSTPONE_
                0x000000000800236c                CONSTANT_
                0x0000000008002390                CREATE_
                0x00000000080023b0                VARIABLE_
                0x00000000080023c4                CHAR_
                0x00000000080023d0                xCHARy_
                0x00000000080023dc                SCAN
                0x000000000800244c                ZCOUNT
                0x0000000008002474                usbsubemitque
                0x0000000008002480                usbsubio
                0x00000000080024ec                addusb
                0x00000000080024f4                subusb
                0x0000000008002560                TRANS
                0x0000000008002590                SAVE
                0x00000000080025f4                REST
                0x0000000008002648                SLCANGETLINE
                0x0000000008002740                SLCANSPIN
                0x0000000008002764                SLCAN_LOOP
                0x0000000008002788                MENUless
                0x00000000080027e0                MENUWless
                0x0000000008002860                MENUSless
                0x00000000080028dc                greatMENU
                0x0000000008002914                CURUP
                0x0000000008002930                KEY0
                0x0000000008002938                KEYW
                0x0000000008002978                CHMEHU
                0x0000000008002a2c                mmmemu
                0x0000000008002ab0                MMENU
                0x0000000008002c0a                FORTH_MAIN
                0x0000000008002c0c                lessMAINgreat
                0x0000000008002c74                VAR_ORIG_SET
                0x0000000008002cf4                MEIDdot
                0x0000000008002d0c                FMAIN
                0x0000000008002e28                FFMAIN
                0x0000000008002e34                GET_LAST
                0x0000000008002e44                GET_SP0
                0x0000000008002e54                GET_HANDLER
                0x0000000008002e64                GET_DP
                0x0000000008002e74                GET_STATE
                0x0000000008002e84                GET_IN
                0x0000000008002e94                GET_ATIB
                0x0000000008002ea4                GET_NTIB
                0x0000000008002eb4                GET_TIB
                0x0000000008002ec4                GET_CURRENT
                0x0000000008002ed4                GET_CONTEXT
                0x0000000008002ee4                GET_PAD
                0x0000000008002ef4                GET_BASE
                0x0000000008002f04                GET_HLD
                0x0000000008002f14                GET_HOOKKEYQ
                0x0000000008002f24                GET_HOOKKEY
                0x0000000008002f34                GET_HOOKEMITQ
                0x0000000008002f44                GET_HOOKEMIT
                0x0000000008002f54                GET_VAR_BIG
                0x0000000008002f64                GET_MENUID
                0x0000000008002f74                GET_MEID
 .text.nndeb    0x0000000008002f84       0x14 uart1.o
                0x0000000008002f84                nndeb
 .text.nndeb0   0x0000000008002f98       0x14 uart1.o
                0x0000000008002f98                nndeb0
 .text.ComCnt2  0x0000000008002fac       0x1c uart1.o
                0x0000000008002fac                ComCnt2
 .text.GetPort2
                0x0000000008002fc8       0x1c uart1.o
                0x0000000008002fc8                GetPort2
 .text.ComPut2  0x0000000008002fe4       0x1c uart1.o
                0x0000000008002fe4                ComPut2
 .text.WGetPort2
                0x0000000008003000       0x12 uart1.o
                0x0000000008003000                WGetPort2
 .text.clock_setup
                0x0000000008003012       0x3a uart1.o
                0x0000000008003012                clock_setup
 .text.usart1_setup
                0x000000000800304c       0x78 uart1.o
                0x000000000800304c                usart1_setup
 .text.usart1_isr
                0x00000000080030c4       0x50 uart1.o
                0x00000000080030c4                usart1_isr
 .text.usart2_isr
                0x0000000008003114       0x6c uart1.o
                0x0000000008003114                usart2_isr
 .text.usart2_setup
                0x0000000008003180       0x74 uart1.o
                0x0000000008003180                usart2_setup
 .text.usart3_isr
                0x00000000080031f4       0x6c uart1.o
                0x00000000080031f4                usart3_isr
 .text.hht      0x0000000008003260       0x48 uart1.o
                0x0000000008003260                hht
 .text          0x00000000080032a8     0x15f4 SRC/Wortbirne.o
                0x00000000080036cc                TXBUF
                0x0000000008004882                ForthWords
                0x0000000008004886                GetForthWords
 .text.ttkbhit  0x000000000800489c        0x4 iovfm.o
                0x000000000800489c                ttkbhit
 .text.ttwrite  0x00000000080048a0       0x20 iovfm.o
                0x00000000080048a0                ttwrite
 .text.USB_PUT  0x00000000080048c0       0x16 iovfm.o
                0x00000000080048c0                USB_PUT
 .text.ttgetch  0x00000000080048d6       0x12 iovfm.o
                0x00000000080048d6                ttgetch
 .text.cdcacm_control_request
                0x00000000080048e8       0x1c cdcacm.o
 .text.cdcacm_set_config
                0x0000000008004904       0x4c cdcacm.o
 .text.cdcacm_data_rx_cb
                0x0000000008004950       0x48 cdcacm.o
 .text.USBkbhit
                0x0000000008004998       0x1c cdcacm.o
                0x0000000008004998                USBkbhit
 .text.USBDDGet
                0x00000000080049b4       0x1c cdcacm.o
                0x00000000080049b4                USBDDGet
 .text.stm32f107_usb_init
                0x00000000080049d0       0x90 cdcacm.o
                0x00000000080049d0                stm32f107_usb_init
 .text.slcan_open
                0x0000000008004a60       0x22 slcan/slcan.o
 .text.hex_val  0x0000000008004a82       0x20 slcan/slcan.o
 *fill*         0x0000000008004aa2        0x2 
 .text.hex_write
                0x0000000008004aa4       0x34 slcan/slcan.o
 .text.hex_to_u8_array
                0x0000000008004ad8       0x2c slcan/slcan.o
                0x0000000008004ad8                hex_to_u8_array
 .text.slcan_frame_to_ascii
                0x0000000008004b04       0xe4 slcan/slcan.o
                0x0000000008004b04                slcan_frame_to_ascii
 .text.slcan_send_frame
                0x0000000008004be8       0xac slcan/slcan.o
                0x0000000008004be8                slcan_send_frame
 .text.slcan_decode_line
                0x0000000008004c94       0x9c slcan/slcan.o
                0x0000000008004c94                slcan_decode_line
 .text.slcan_rx_spin_rx
                0x0000000008004d30       0x18 slcan/slcan.o
                0x0000000008004d30                slcan_rx_spin_rx
 .text.CanCnt   0x0000000008004d48       0x1c slcan/can_driver.o
                0x0000000008004d48                CanCnt
 .text.CanGet   0x0000000008004d64       0x20 slcan/can_driver.o
                0x0000000008004d64                CanGet
 .text.CanPut   0x0000000008004d84       0x20 slcan/can_driver.o
                0x0000000008004d84                CanPut
 .text.can_setup_mmo
                0x0000000008004da4       0xb4 slcan/can_driver.o
                0x0000000008004da4                can_setup_mmo
 .text.can_open
                0x0000000008004e58        0x4 slcan/can_driver.o
                0x0000000008004e58                can_open
 .text.can_send
                0x0000000008004e5c       0x20 slcan/can_driver.o
                0x0000000008004e5c                can_send
 .text.usb_lp_can_rx0_isr
                0x0000000008004e7c       0xa4 slcan/can_driver.o
                0x0000000008004e7c                usb_lp_can_rx0_isr
 .text.can_reset
                0x0000000008004f20       0x18 ../libopencm3/lib/libopencm3_stm32f1.a(can.o)
                0x0000000008004f20                can_reset
 .text.can_init
                0x0000000008004f38      0x12a ../libopencm3/lib/libopencm3_stm32f1.a(can.o)
                0x0000000008004f38                can_init
 *fill*         0x0000000008005062        0x2 
 .text.can_filter_init
                0x0000000008005064       0x98 ../libopencm3/lib/libopencm3_stm32f1.a(can.o)
                0x0000000008005064                can_filter_init
 .text.can_filter_id_mask_32bit_init
                0x00000000080050fc       0x1a ../libopencm3/lib/libopencm3_stm32f1.a(can.o)
                0x00000000080050fc                can_filter_id_mask_32bit_init
 .text.can_enable_irq
                0x0000000008005116        0x8 ../libopencm3/lib/libopencm3_stm32f1.a(can.o)
                0x0000000008005116                can_enable_irq
 .text.can_transmit
                0x000000000800511e       0xca ../libopencm3/lib/libopencm3_stm32f1.a(can.o)
                0x000000000800511e                can_transmit
 .text.can_fifo_release
                0x00000000080051e8       0x16 ../libopencm3/lib/libopencm3_stm32f1.a(can.o)
                0x00000000080051e8                can_fifo_release
 .text.can_receive
                0x00000000080051fe       0xb2 ../libopencm3/lib/libopencm3_stm32f1.a(can.o)
                0x00000000080051fe                can_receive
 .text.flash_get_status_flags
                0x00000000080052b0       0x28 ../libopencm3/lib/libopencm3_stm32f1.a(flash.o)
                0x00000000080052b0                flash_get_status_flags
 .text.flash_program_half_word
                0x00000000080052d8       0x60 ../libopencm3/lib/libopencm3_stm32f1.a(flash.o)
                0x00000000080052d8                flash_program_half_word
 .text.flash_erase_page
                0x0000000008005338       0x78 ../libopencm3/lib/libopencm3_stm32f1.a(flash.o)
                0x0000000008005338                flash_erase_page
 .text.gpio_set_mode
                0x00000000080053b0       0x62 ../libopencm3/lib/libopencm3_stm32f1.a(gpio.o)
                0x00000000080053b0                gpio_set_mode
 *fill*         0x0000000008005412        0x2 
 .text.rcc_osc_on.part.1
                0x0000000008005414       0x10 ../libopencm3/lib/libopencm3_stm32f1.a(rcc.o)
 .text.rcc_is_osc_ready
                0x0000000008005424       0x5c ../libopencm3/lib/libopencm3_stm32f1.a(rcc.o)
                0x0000000008005424                rcc_is_osc_ready
 .text.rcc_wait_for_osc_ready
                0x0000000008005480       0x10 ../libopencm3/lib/libopencm3_stm32f1.a(rcc.o)
                0x0000000008005480                rcc_wait_for_osc_ready
 .text.rcc_osc_on
                0x0000000008005490       0x54 ../libopencm3/lib/libopencm3_stm32f1.a(rcc.o)
                0x0000000008005490                rcc_osc_on
 .text.rcc_set_sysclk_source
                0x00000000080054e4       0x14 ../libopencm3/lib/libopencm3_stm32f1.a(rcc.o)
                0x00000000080054e4                rcc_set_sysclk_source
 .text.rcc_set_pll_multiplication_factor
                0x00000000080054f8       0x14 ../libopencm3/lib/libopencm3_stm32f1.a(rcc.o)
                0x00000000080054f8                rcc_set_pll_multiplication_factor
 .text.rcc_set_pll_source
                0x000000000800550c       0x14 ../libopencm3/lib/libopencm3_stm32f1.a(rcc.o)
                0x000000000800550c                rcc_set_pll_source
 .text.rcc_set_pllxtpre
                0x0000000008005520       0x14 ../libopencm3/lib/libopencm3_stm32f1.a(rcc.o)
                0x0000000008005520                rcc_set_pllxtpre
 .text.rcc_set_adcpre
                0x0000000008005534       0x14 ../libopencm3/lib/libopencm3_stm32f1.a(rcc.o)
                0x0000000008005534                rcc_set_adcpre
 .text.rcc_set_ppre2
                0x0000000008005548       0x14 ../libopencm3/lib/libopencm3_stm32f1.a(rcc.o)
                0x0000000008005548                rcc_set_ppre2
 .text.rcc_set_ppre1
                0x000000000800555c       0x14 ../libopencm3/lib/libopencm3_stm32f1.a(rcc.o)
                0x000000000800555c                rcc_set_ppre1
 .text.rcc_set_hpre
                0x0000000008005570       0x14 ../libopencm3/lib/libopencm3_stm32f1.a(rcc.o)
                0x0000000008005570                rcc_set_hpre
 .text.rcc_clock_setup_in_hse_8mhz_out_72mhz
                0x0000000008005584       0x8c ../libopencm3/lib/libopencm3_stm32f1.a(rcc.o)
                0x0000000008005584                rcc_clock_setup_in_hse_8mhz_out_72mhz
 .text.gpio_set
                0x0000000008005610        0x4 ../libopencm3/lib/libopencm3_stm32f1.a(gpio_common_all.o)
                0x0000000008005610                gpio_set
 .text.gpio_clear
                0x0000000008005614        0x6 ../libopencm3/lib/libopencm3_stm32f1.a(gpio_common_all.o)
                0x0000000008005614                gpio_clear
 .text.gpio_toggle
                0x000000000800561a       0x12 ../libopencm3/lib/libopencm3_stm32f1.a(gpio_common_all.o)
                0x000000000800561a                gpio_toggle
 .text.usart_set_baudrate
                0x000000000800562c       0x28 ../libopencm3/lib/libopencm3_stm32f1.a(usart_common_all.o)
                0x000000000800562c                usart_set_baudrate
 .text.usart_set_databits
                0x0000000008005654       0x12 ../libopencm3/lib/libopencm3_stm32f1.a(usart_common_all.o)
                0x0000000008005654                usart_set_databits
 .text.usart_set_stopbits
                0x0000000008005666        0xc ../libopencm3/lib/libopencm3_stm32f1.a(usart_common_all.o)
                0x0000000008005666                usart_set_stopbits
 .text.usart_set_parity
                0x0000000008005672        0xc ../libopencm3/lib/libopencm3_stm32f1.a(usart_common_all.o)
                0x0000000008005672                usart_set_parity
 .text.usart_set_mode
                0x000000000800567e        0xc ../libopencm3/lib/libopencm3_stm32f1.a(usart_common_all.o)
                0x000000000800567e                usart_set_mode
 .text.usart_set_flow_control
                0x000000000800568a        0xc ../libopencm3/lib/libopencm3_stm32f1.a(usart_common_all.o)
                0x000000000800568a                usart_set_flow_control
 .text.usart_enable
                0x0000000008005696        0xa ../libopencm3/lib/libopencm3_stm32f1.a(usart_common_all.o)
                0x0000000008005696                usart_enable
 .text.usart_send_blocking
                0x00000000080056a0       0x16 ../libopencm3/lib/libopencm3_stm32f1.a(usart_common_all.o)
                0x00000000080056a0                usart_send_blocking
 .text.usart_send
                0x00000000080056b6        0x8 ../libopencm3/lib/libopencm3_stm32f1.a(usart_common_f124.o)
                0x00000000080056b6                usart_send
 .text.usart_recv
                0x00000000080056be        0x8 ../libopencm3/lib/libopencm3_stm32f1.a(usart_common_f124.o)
                0x00000000080056be                usart_recv
 .text.usart_wait_send_ready
                0x00000000080056c6        0x8 ../libopencm3/lib/libopencm3_stm32f1.a(usart_common_f124.o)
                0x00000000080056c6                usart_wait_send_ready
 .text.rcc_periph_clock_enable
                0x00000000080056ce       0x1a ../libopencm3/lib/libopencm3_stm32f1.a(rcc_common_all.o)
                0x00000000080056ce                rcc_periph_clock_enable
 .text.rcc_periph_reset_pulse
                0x00000000080056e8       0x22 ../libopencm3/lib/libopencm3_stm32f1.a(rcc_common_all.o)
                0x00000000080056e8                rcc_periph_reset_pulse
 *fill*         0x000000000800570a        0x2 
 .text.flash_set_ws
                0x000000000800570c       0x14 ../libopencm3/lib/libopencm3_stm32f1.a(flash_common_all.o)
                0x000000000800570c                flash_set_ws
 .text.flash_unlock
                0x0000000008005720       0x18 ../libopencm3/lib/libopencm3_stm32f1.a(flash_common_f.o)
                0x0000000008005720                flash_unlock
 .text.flash_lock
                0x0000000008005738       0x10 ../libopencm3/lib/libopencm3_stm32f1.a(flash_common_f.o)
                0x0000000008005738                flash_lock
 .text.flash_wait_for_last_operation
                0x0000000008005748        0xc ../libopencm3/lib/libopencm3_stm32f1.a(flash_common_f01.o)
                0x0000000008005748                flash_wait_for_last_operation
 .text.usbd_init
                0x0000000008005754       0x50 ../libopencm3/lib/libopencm3_stm32f1.a(usb.o)
                0x0000000008005754                usbd_init
 .text.usbd_poll
                0x00000000080057a4        0x8 ../libopencm3/lib/libopencm3_stm32f1.a(usb.o)
                0x00000000080057a4                usbd_poll
 .text.usbd_ep_setup
                0x00000000080057ac        0xe ../libopencm3/lib/libopencm3_stm32f1.a(usb.o)
                0x00000000080057ac                usbd_ep_setup
 .text._usbd_reset
                0x00000000080057ba       0x32 ../libopencm3/lib/libopencm3_stm32f1.a(usb.o)
                0x00000000080057ba                _usbd_reset
 .text.usbd_ep_write_packet
                0x00000000080057ec        0xe ../libopencm3/lib/libopencm3_stm32f1.a(usb.o)
                0x00000000080057ec                usbd_ep_write_packet
 .text.usbd_ep_read_packet
                0x00000000080057fa        0xe ../libopencm3/lib/libopencm3_stm32f1.a(usb.o)
                0x00000000080057fa                usbd_ep_read_packet
 .text.usbd_ep_stall_set
                0x0000000008005808        0x8 ../libopencm3/lib/libopencm3_stm32f1.a(usb.o)
                0x0000000008005808                usbd_ep_stall_set
 .text.usbd_ep_stall_get
                0x0000000008005810        0x8 ../libopencm3/lib/libopencm3_stm32f1.a(usb.o)
                0x0000000008005810                usbd_ep_stall_get
 .text.usbd_ep_nak_set
                0x0000000008005818        0x8 ../libopencm3/lib/libopencm3_stm32f1.a(usb.o)
                0x0000000008005818                usbd_ep_nak_set
 .text.usb_control_send_chunk
                0x0000000008005820       0x52 ../libopencm3/lib/libopencm3_stm32f1.a(usb_control.o)
 .text.usb_control_request_dispatch
                0x0000000008005872       0x62 ../libopencm3/lib/libopencm3_stm32f1.a(usb_control.o)
 .text.stall_transaction
                0x00000000080058d4       0x14 ../libopencm3/lib/libopencm3_stm32f1.a(usb_control.o)
 .text.usb_control_recv_chunk
                0x00000000080058e8       0x3c ../libopencm3/lib/libopencm3_stm32f1.a(usb_control.o)
 .text.usb_control_setup_read
                0x0000000008005924       0x6a ../libopencm3/lib/libopencm3_stm32f1.a(usb_control.o)
 .text.usbd_register_control_callback
                0x000000000800598e       0x26 ../libopencm3/lib/libopencm3_stm32f1.a(usb_control.o)
                0x000000000800598e                usbd_register_control_callback
 .text._usbd_control_setup
                0x00000000080059b4       0x60 ../libopencm3/lib/libopencm3_stm32f1.a(usb_control.o)
                0x00000000080059b4                _usbd_control_setup
 .text._usbd_control_out
                0x0000000008005a14       0x82 ../libopencm3/lib/libopencm3_stm32f1.a(usb_control.o)
                0x0000000008005a14                _usbd_control_out
 .text._usbd_control_in
                0x0000000008005a96       0x64 ../libopencm3/lib/libopencm3_stm32f1.a(usb_control.o)
                0x0000000008005a96                _usbd_control_in
 .text.usb_standard_set_configuration
                0x0000000008005afa       0x92 ../libopencm3/lib/libopencm3_stm32f1.a(usb_standard.o)
 .text.usb_standard_get_configuration
                0x0000000008005b8c       0x22 ../libopencm3/lib/libopencm3_stm32f1.a(usb_standard.o)
 .text.usb_standard_get_interface
                0x0000000008005bae       0x34 ../libopencm3/lib/libopencm3_stm32f1.a(usb_standard.o)
 .text.usb_standard_device_get_status
                0x0000000008005be2       0x18 ../libopencm3/lib/libopencm3_stm32f1.a(usb_standard.o)
 .text.usb_standard_endpoint_get_status
                0x0000000008005bfa       0x2a ../libopencm3/lib/libopencm3_stm32f1.a(usb_standard.o)
 .text.usb_standard_endpoint_stall
                0x0000000008005c24       0x10 ../libopencm3/lib/libopencm3_stm32f1.a(usb_standard.o)
 .text.usb_standard_endpoint_unstall
                0x0000000008005c34       0x10 ../libopencm3/lib/libopencm3_stm32f1.a(usb_standard.o)
 .text.usb_standard_set_address
                0x0000000008005c44       0x28 ../libopencm3/lib/libopencm3_stm32f1.a(usb_standard.o)
 .text.usb_standard_set_interface
                0x0000000008005c6c       0x4e ../libopencm3/lib/libopencm3_stm32f1.a(usb_standard.o)
 .text.usb_standard_get_descriptor
                0x0000000008005cba      0x256 ../libopencm3/lib/libopencm3_stm32f1.a(usb_standard.o)
 .text.usb_standard_interface_get_status
                0x0000000008005f10       0x18 ../libopencm3/lib/libopencm3_stm32f1.a(usb_standard.o)
 .text.usbd_register_set_config_callback
                0x0000000008005f28       0x28 ../libopencm3/lib/libopencm3_stm32f1.a(usb_standard.o)
                0x0000000008005f28                usbd_register_set_config_callback
 .text._usbd_standard_request_device
                0x0000000008005f50       0x48 ../libopencm3/lib/libopencm3_stm32f1.a(usb_standard.o)
                0x0000000008005f50                _usbd_standard_request_device
 .text._usbd_standard_request_interface
                0x0000000008005f98       0x30 ../libopencm3/lib/libopencm3_stm32f1.a(usb_standard.o)
                0x0000000008005f98                _usbd_standard_request_interface
 .text._usbd_standard_request_endpoint
                0x0000000008005fc8       0x3c ../libopencm3/lib/libopencm3_stm32f1.a(usb_standard.o)
                0x0000000008005fc8                _usbd_standard_request_endpoint
 .text._usbd_standard_request
                0x0000000008006004       0x30 ../libopencm3/lib/libopencm3_stm32f1.a(usb_standard.o)
                0x0000000008006004                _usbd_standard_request
 .text.stm32f107_usbd_init
                0x0000000008006034       0xd4 ../libopencm3/lib/libopencm3_stm32f1.a(usb_f107.o)
 .text.blocking_handler
                0x0000000008006108        0x2 ../libopencm3/lib/libopencm3_stm32f1.a(vector.o)
                0x0000000008006108                rtc_isr
                0x0000000008006108                tim7_isr
                0x0000000008006108                adc1_2_isr
                0x0000000008006108                tim1_trg_com_isr
                0x0000000008006108                usb_hp_can_tx_isr
                0x0000000008006108                tim6_isr
                0x0000000008006108                usb_wakeup_isr
                0x0000000008006108                blocking_handler
                0x0000000008006108                tim5_isr
                0x0000000008006108                otg_fs_isr
                0x0000000008006108                spi1_isr
                0x0000000008006108                exti2_isr
                0x0000000008006108                dma1_channel6_isr
                0x0000000008006108                can_rx1_isr
                0x0000000008006108                dma1_channel5_isr
                0x0000000008006108                dma2_channel5_isr
                0x0000000008006108                usage_fault_handler
                0x0000000008006108                tim8_trg_com_isr
                0x0000000008006108                can2_rx0_isr
                0x0000000008006108                tim1_brk_isr
                0x0000000008006108                can2_rx1_isr
                0x0000000008006108                tim1_cc_isr
                0x0000000008006108                sdio_isr
                0x0000000008006108                eth_isr
                0x0000000008006108                dma1_channel4_isr
                0x0000000008006108                tim8_brk_isr
                0x0000000008006108                dma2_channel4_5_isr
                0x0000000008006108                pvd_isr
                0x0000000008006108                rcc_isr
                0x0000000008006108                flash_isr
                0x0000000008006108                uart4_isr
                0x0000000008006108                rtc_alarm_isr
                0x0000000008006108                exti15_10_isr
                0x0000000008006108                hard_fault_handler
                0x0000000008006108                exti1_isr
                0x0000000008006108                i2c1_ev_isr
                0x0000000008006108                dma2_channel1_isr
                0x0000000008006108                spi2_isr
                0x0000000008006108                tim8_up_isr
                0x0000000008006108                dma2_channel2_isr
                0x0000000008006108                exti3_isr
                0x0000000008006108                adc3_isr
                0x0000000008006108                tim3_isr
                0x0000000008006108                i2c2_er_isr
                0x0000000008006108                i2c2_ev_isr
                0x0000000008006108                uart5_isr
                0x0000000008006108                fsmc_isr
                0x0000000008006108                dma1_channel1_isr
                0x0000000008006108                exti4_isr
                0x0000000008006108                mem_manage_handler
                0x0000000008006108                can2_tx_isr
                0x0000000008006108                exti9_5_isr
                0x0000000008006108                dma2_channel3_isr
                0x0000000008006108                dma1_channel7_isr
                0x0000000008006108                tim1_up_isr
                0x0000000008006108                can2_sce_isr
                0x0000000008006108                tim4_isr
                0x0000000008006108                dma1_channel2_isr
                0x0000000008006108                i2c1_er_isr
                0x0000000008006108                can_sce_isr
                0x0000000008006108                tim8_cc_isr
                0x0000000008006108                tamper_isr
                0x0000000008006108                eth_wkup_isr
                0x0000000008006108                bus_fault_handler
                0x0000000008006108                wwdg_isr
                0x0000000008006108                dma1_channel3_isr
                0x0000000008006108                spi3_isr
                0x0000000008006108                tim2_isr
                0x0000000008006108                exti0_isr
 .text.null_handler
                0x000000000800610a        0x2 ../libopencm3/lib/libopencm3_stm32f1.a(vector.o)
                0x000000000800610a                null_handler
                0x000000000800610a                sv_call_handler
                0x000000000800610a                pend_sv_handler
                0x000000000800610a                debug_monitor_handler
                0x000000000800610a                sys_tick_handler
                0x000000000800610a                nmi_handler
 .text.reset_handler
                0x000000000800610c       0x94 ../libopencm3/lib/libopencm3_stm32f1.a(vector.o)
                0x000000000800610c                reset_handler
 .text.nvic_enable_irq
                0x00000000080061a0       0x1a ../libopencm3/lib/libopencm3_stm32f1.a(nvic.o)
                0x00000000080061a0                nvic_enable_irq
 *fill*         0x00000000080061ba        0x2 
 .text.nvic_set_priority
                0x00000000080061bc       0x20 ../libopencm3/lib/libopencm3_stm32f1.a(nvic.o)
                0x00000000080061bc                nvic_set_priority
 .text.dwc_set_address
                0x00000000080061dc       0x18 ../libopencm3/lib/libopencm3_stm32f1.a(usb_dwc_common.o)
                0x00000000080061dc                dwc_set_address
 .text.dwc_ep_setup
                0x00000000080061f4      0x130 ../libopencm3/lib/libopencm3_stm32f1.a(usb_dwc_common.o)
                0x00000000080061f4                dwc_ep_setup
 .text.dwc_endpoints_reset
                0x0000000008006324       0x48 ../libopencm3/lib/libopencm3_stm32f1.a(usb_dwc_common.o)
                0x0000000008006324                dwc_endpoints_reset
 .text.dwc_ep_stall_set
                0x000000000800636c       0x4e ../libopencm3/lib/libopencm3_stm32f1.a(usb_dwc_common.o)
                0x000000000800636c                dwc_ep_stall_set
 .text.dwc_ep_stall_get
                0x00000000080063ba       0x1e ../libopencm3/lib/libopencm3_stm32f1.a(usb_dwc_common.o)
                0x00000000080063ba                dwc_ep_stall_get
 .text.dwc_ep_nak_set
                0x00000000080063d8       0x28 ../libopencm3/lib/libopencm3_stm32f1.a(usb_dwc_common.o)
                0x00000000080063d8                dwc_ep_nak_set
 .text.dwc_ep_write_packet
                0x0000000008006400       0x4a ../libopencm3/lib/libopencm3_stm32f1.a(usb_dwc_common.o)
                0x0000000008006400                dwc_ep_write_packet
 .text.dwc_ep_read_packet
                0x000000000800644a       0x70 ../libopencm3/lib/libopencm3_stm32f1.a(usb_dwc_common.o)
                0x000000000800644a                dwc_ep_read_packet
 .text.dwc_poll
                0x00000000080064ba      0x1e2 ../libopencm3/lib/libopencm3_stm32f1.a(usb_dwc_common.o)
                0x00000000080064ba                dwc_poll
 .text.dwc_disconnect
                0x000000000800669c       0x1c ../libopencm3/lib/libopencm3_stm32f1.a(usb_dwc_common.o)
                0x000000000800669c                dwc_disconnect
 .text          0x00000000080066b8       0xec /home/mak/gcc-arm-none-eabi-7-2017-q4-major/bin/../lib/gcc/arm-none-eabi/7.2.1/../../../../arm-none-eabi/lib/thumb/v7-m/libc.a(lib_a-memcpy.o)
                0x00000000080066b8                memcpy
 .text.stpcpy   0x00000000080067a4       0x5c /home/mak/gcc-arm-none-eabi-7-2017-q4-major/bin/../lib/gcc/arm-none-eabi/7.2.1/../../../../arm-none-eabi/lib/thumb/v7-m/libc.a(lib_a-stpcpy.o)
                0x00000000080067a4                stpcpy
 .text.strlen   0x0000000008006800       0x5c /home/mak/gcc-arm-none-eabi-7-2017-q4-major/bin/../lib/gcc/arm-none-eabi/7.2.1/../../../../arm-none-eabi/lib/thumb/v7-m/libc.a(lib_a-strlen-stub.o)
                0x0000000008006800                strlen
                0x000000000800685c                . = ALIGN (0x4)
 *(.rodata*)
 .rodata.cdcacm_functional_descriptors
                0x000000000800685c       0x13 cdcacm.o
 .rodata.comm_endp
                0x000000000800686f        0xf cdcacm.o
 .rodata.comm_iface
                0x000000000800687e       0x15 cdcacm.o
 .rodata.config
                0x0000000008006893        0xd cdcacm.o
 .rodata.data_endp
                0x00000000080068a0       0x1e cdcacm.o
 .rodata.data_iface
                0x00000000080068be       0x15 cdcacm.o
 .rodata.dev    0x00000000080068d3       0x12 cdcacm.o
 *fill*         0x00000000080068e5        0x3 
 .rodata.ifaces
                0x00000000080068e8       0x20 cdcacm.o
 .rodata.str1.1
                0x0000000008006908       0x2c cdcacm.o
 .rodata.hex_write.str1.1
                0x0000000008006934       0x11 slcan/slcan.o
 .rodata.slcan_decode_line.str1.1
                0x0000000008006945        0x9 slcan/slcan.o
 *fill*         0x000000000800694e        0x2 
 .rodata.stm32f107_usb_driver
                0x0000000008006950       0x34 ../libopencm3/lib/libopencm3_stm32f1.a(usb_f107.o)
                0x0000000008006950                stm32f107_usb_driver
                0x0000000008006984                . = ALIGN (0x4)

.glue_7         0x0000000008006984        0x0
 .glue_7        0x0000000008006984        0x0 linker stubs

.glue_7t        0x0000000008006984        0x0
 .glue_7t       0x0000000008006984        0x0 linker stubs

.vfp11_veneer   0x0000000008006984        0x0
 .vfp11_veneer  0x0000000008006984        0x0 linker stubs

.v4_bx          0x0000000008006984        0x0
 .v4_bx         0x0000000008006984        0x0 linker stubs

.iplt           0x0000000008006984        0x0
 .iplt          0x0000000008006984        0x0 main.o

.rel.dyn        0x0000000008006984        0x0
 .rel.iplt      0x0000000008006984        0x0 main.o

.preinit_array  0x0000000008006984        0x0
                0x0000000008006984                . = ALIGN (0x4)
                0x0000000008006984                __preinit_array_start = .
 *(.preinit_array)
                0x0000000008006984                __preinit_array_end = .

.init_array     0x0000000008006984        0x0
                0x0000000008006984                . = ALIGN (0x4)
                0x0000000008006984                __init_array_start = .
 *(SORT_BY_NAME(.init_array.*))
 *(.init_array)
                0x0000000008006984                __init_array_end = .

.fini_array     0x0000000008006984        0x0
                0x0000000008006984                . = ALIGN (0x4)
                0x0000000008006984                __fini_array_start = .
 *(.fini_array)
 *(SORT_BY_NAME(.fini_array.*))
                0x0000000008006984                __fini_array_end = .

.ARM.extab
 *(.ARM.extab*)

.ARM.exidx      0x0000000008006984        0x0
                0x0000000008006984                __exidx_start = .
 *(.ARM.exidx*)
                0x0000000008006984                __exidx_end = .
                0x0000000008006984                . = ALIGN (0x4)
                0x0000000008006984                _etext = .

.data           0x0000000020000000       0x24 load address 0x0000000008006984
                0x0000000020000000                _data = .
 *(.data*)
 .data.ComBufIn2
                0x0000000020000000        0x4 uart1.o
                0x0000000020000000                ComBufIn2
 .data.data.5054
                0x0000000020000004        0x1 uart1.o
 .data.data.5068
                0x0000000020000005        0x1 uart1.o
 *fill*         0x0000000020000006        0x2 
 .data.usb_strings
                0x0000000020000008        0xc cdcacm.o
 .data.CanBufIn
                0x0000000020000014        0x4 slcan/can_driver.o
                0x0000000020000014                CanBufIn
 .data.rcc_ahb_frequency
                0x0000000020000018        0x4 ../libopencm3/lib/libopencm3_stm32f1.a(rcc.o)
                0x0000000020000018                rcc_ahb_frequency
 .data.rcc_apb1_frequency
                0x000000002000001c        0x4 ../libopencm3/lib/libopencm3_stm32f1.a(rcc.o)
                0x000000002000001c                rcc_apb1_frequency
 .data.rcc_apb2_frequency
                0x0000000020000020        0x4 ../libopencm3/lib/libopencm3_stm32f1.a(rcc.o)
                0x0000000020000020                rcc_apb2_frequency
                0x0000000020000024                . = ALIGN (0x4)
                0x0000000020000024                _edata = .
                0x0000000008006984                _data_loadaddr = LOADADDR (.data)

.igot.plt       0x0000000020000024        0x0 load address 0x00000000080069a8
 .igot.plt      0x0000000020000024        0x0 main.o

.bss            0x0000000020000024     0x7714 load address 0x00000000080069a8
 *(.bss*)
 .bss.CDSTK     0x0000000020000024        0x4 main.o
                0x0000000020000024                CDSTK
 .bss.sp_buff   0x0000000020000028     0x4b10 main.o
                0x0000000020000028                sp_buff
 .bss.ComBuf2   0x0000000020004b38      0x200 uart1.o
                0x0000000020004b38                ComBuf2
 .bss.ComBufOut2
                0x0000000020004d38        0x4 uart1.o
                0x0000000020004d38                ComBufOut2
 .bss.nndeb0cc  0x0000000020004d3c        0x4 uart1.o
                0x0000000020004d3c                nndeb0cc
 .bss.nndebcc   0x0000000020004d40        0x4 uart1.o
                0x0000000020004d40                nndebcc
 .bss.UsbBuf    0x0000000020004d44        0x4 cdcacm.o
                0x0000000020004d44                UsbBuf
 .bss.UsbLen    0x0000000020004d48        0x4 cdcacm.o
                0x0000000020004d48                UsbLen
 .bss.buf.5010  0x0000000020004d4c       0x40 cdcacm.o
 .bss.gep       0x0000000020004d8c        0x1 cdcacm.o
                0x0000000020004d8c                gep
 .bss.usbd_control_buffer
                0x0000000020004d8d       0x80 cdcacm.o
                0x0000000020004d8d                usbd_control_buffer
 *fill*         0x0000000020004e0d        0x3 
 .bss.usbd_dev  0x0000000020004e10        0x4 cdcacm.o
                0x0000000020004e10                usbd_dev
 .bss.txbuf     0x0000000020004e14       0x21 slcan/slcan.o
                0x0000000020004e14                txbuf
 *fill*         0x0000000020004e35        0x3 
 .bss.CanBuf    0x0000000020004e38     0x2800 slcan/can_driver.o
                0x0000000020004e38                CanBuf
 .bss.CanBufOut
                0x0000000020007638        0x4 slcan/can_driver.o
                0x0000000020007638                CanBufOut
 .bss.usbd_dev  0x000000002000763c       0xfc ../libopencm3/lib/libopencm3_stm32f1.a(usb_f107.o)
 *(COMMON)
                0x0000000020007738                . = ALIGN (0x4)
                0x0000000020007738                _ebss = .

/DISCARD/
 *(.eh_frame)
                0x0000000020007738                . = ALIGN (0x4)
                0x0000000020007738                end = .
                0x0000000020010000                PROVIDE (_stack, (ORIGIN (ram) + LENGTH (ram)))
OUTPUT(stm32f105cbt6_debug_forth.elf elf32-littlearm)

.debug_info     0x0000000000000000    0x1104a
 .debug_info    0x0000000000000000      0xc7e main.o
 .debug_info    0x0000000000000c7e       0x26 amain.o
 .debug_info    0x0000000000000ca4     0x12ad uart1.o
 .debug_info    0x0000000000001f51       0x26 SRC/Wortbirne.o
 .debug_info    0x0000000000001f77     0x13c1 iovfm.o
 .debug_info    0x0000000000003338     0x157c cdcacm.o
 .debug_info    0x00000000000048b4     0x14a9 slcan/slcan.o
 .debug_info    0x0000000000005d5d      0x833 slcan/can_driver.o
 .debug_info    0x0000000000006590      0x9d7 ../libopencm3/lib/libopencm3_stm32f1.a(can.o)
 .debug_info    0x0000000000006f67      0x275 ../libopencm3/lib/libopencm3_stm32f1.a(flash.o)
 .debug_info    0x00000000000071dc      0x1db ../libopencm3/lib/libopencm3_stm32f1.a(gpio.o)
 .debug_info    0x00000000000073b7     0x1160 ../libopencm3/lib/libopencm3_stm32f1.a(rcc.o)
 .debug_info    0x0000000000008517      0x22c ../libopencm3/lib/libopencm3_stm32f1.a(gpio_common_all.o)
 .debug_info    0x0000000000008743      0x4c0 ../libopencm3/lib/libopencm3_stm32f1.a(usart_common_all.o)
 .debug_info    0x0000000000008c03      0x19a ../libopencm3/lib/libopencm3_stm32f1.a(usart_common_f124.o)
 .debug_info    0x0000000000008d9d      0x5f5 ../libopencm3/lib/libopencm3_stm32f1.a(rcc_common_all.o)
 .debug_info    0x0000000000009392       0xec ../libopencm3/lib/libopencm3_stm32f1.a(flash_common_all.o)
 .debug_info    0x000000000000947e       0xb9 ../libopencm3/lib/libopencm3_stm32f1.a(flash_common_f.o)
 .debug_info    0x0000000000009537      0x1e8 ../libopencm3/lib/libopencm3_stm32f1.a(flash_common_f01.o)
 .debug_info    0x000000000000971f     0x162d ../libopencm3/lib/libopencm3_stm32f1.a(usb.o)
 .debug_info    0x000000000000ad4c     0x177b ../libopencm3/lib/libopencm3_stm32f1.a(usb_control.o)
 .debug_info    0x000000000000c4c7     0x1cad ../libopencm3/lib/libopencm3_stm32f1.a(usb_standard.o)
 .debug_info    0x000000000000e174     0x13cf ../libopencm3/lib/libopencm3_stm32f1.a(usb_f107.o)
 .debug_info    0x000000000000f543      0x2a8 ../libopencm3/lib/libopencm3_stm32f1.a(vector.o)
 .debug_info    0x000000000000f7eb      0x214 ../libopencm3/lib/libopencm3_stm32f1.a(nvic.o)
 .debug_info    0x000000000000f9ff     0x164b ../libopencm3/lib/libopencm3_stm32f1.a(usb_dwc_common.o)

.debug_abbrev   0x0000000000000000     0x340b
 .debug_abbrev  0x0000000000000000      0x277 main.o
 .debug_abbrev  0x0000000000000277       0x14 amain.o
 .debug_abbrev  0x000000000000028b      0x382 uart1.o
 .debug_abbrev  0x000000000000060d       0x14 SRC/Wortbirne.o
 .debug_abbrev  0x0000000000000621      0x320 iovfm.o
 .debug_abbrev  0x0000000000000941      0x34d cdcacm.o
 .debug_abbrev  0x0000000000000c8e      0x532 slcan/slcan.o
 .debug_abbrev  0x00000000000011c0      0x221 slcan/can_driver.o
 .debug_abbrev  0x00000000000013e1      0x26a ../libopencm3/lib/libopencm3_stm32f1.a(can.o)
 .debug_abbrev  0x000000000000164b      0x10b ../libopencm3/lib/libopencm3_stm32f1.a(flash.o)
 .debug_abbrev  0x0000000000001756       0xb7 ../libopencm3/lib/libopencm3_stm32f1.a(gpio.o)
 .debug_abbrev  0x000000000000180d      0x285 ../libopencm3/lib/libopencm3_stm32f1.a(rcc.o)
 .debug_abbrev  0x0000000000001a92       0xf4 ../libopencm3/lib/libopencm3_stm32f1.a(gpio_common_all.o)
 .debug_abbrev  0x0000000000001b86      0x10f ../libopencm3/lib/libopencm3_stm32f1.a(usart_common_all.o)
 .debug_abbrev  0x0000000000001c95       0xb7 ../libopencm3/lib/libopencm3_stm32f1.a(usart_common_f124.o)
 .debug_abbrev  0x0000000000001d4c      0x139 ../libopencm3/lib/libopencm3_stm32f1.a(rcc_common_all.o)
 .debug_abbrev  0x0000000000001e85       0x8a ../libopencm3/lib/libopencm3_stm32f1.a(flash_common_all.o)
 .debug_abbrev  0x0000000000001f0f       0x52 ../libopencm3/lib/libopencm3_stm32f1.a(flash_common_f.o)
 .debug_abbrev  0x0000000000001f61       0xbe ../libopencm3/lib/libopencm3_stm32f1.a(flash_common_f01.o)
 .debug_abbrev  0x000000000000201f      0x2e5 ../libopencm3/lib/libopencm3_stm32f1.a(usb.o)
 .debug_abbrev  0x0000000000002304      0x3fb ../libopencm3/lib/libopencm3_stm32f1.a(usb_control.o)
 .debug_abbrev  0x00000000000026ff      0x4e6 ../libopencm3/lib/libopencm3_stm32f1.a(usb_standard.o)
 .debug_abbrev  0x0000000000002be5      0x27d ../libopencm3/lib/libopencm3_stm32f1.a(usb_f107.o)
 .debug_abbrev  0x0000000000002e62      0x127 ../libopencm3/lib/libopencm3_stm32f1.a(vector.o)
 .debug_abbrev  0x0000000000002f89       0xa6 ../libopencm3/lib/libopencm3_stm32f1.a(nvic.o)
 .debug_abbrev  0x000000000000302f      0x3dc ../libopencm3/lib/libopencm3_stm32f1.a(usb_dwc_common.o)

.debug_aranges  0x0000000000000000      0x9e8
 .debug_aranges
                0x0000000000000000       0x30 main.o
 .debug_aranges
                0x0000000000000030       0x20 amain.o
 .debug_aranges
                0x0000000000000050       0x98 uart1.o
 .debug_aranges
                0x00000000000000e8       0x20 SRC/Wortbirne.o
 .debug_aranges
                0x0000000000000108       0x40 iovfm.o
 .debug_aranges
                0x0000000000000148       0x48 cdcacm.o
 .debug_aranges
                0x0000000000000190       0x80 slcan/slcan.o
 .debug_aranges
                0x0000000000000210       0x58 slcan/can_driver.o
 .debug_aranges
                0x0000000000000268       0x80 ../libopencm3/lib/libopencm3_stm32f1.a(can.o)
 .debug_aranges
                0x00000000000002e8       0x78 ../libopencm3/lib/libopencm3_stm32f1.a(flash.o)
 .debug_aranges
                0x0000000000000360       0x38 ../libopencm3/lib/libopencm3_stm32f1.a(gpio.o)
 .debug_aranges
                0x0000000000000398      0x158 ../libopencm3/lib/libopencm3_stm32f1.a(rcc.o)
 .debug_aranges
                0x00000000000004f0       0x50 ../libopencm3/lib/libopencm3_stm32f1.a(gpio_common_all.o)
 .debug_aranges
                0x0000000000000540       0xb8 ../libopencm3/lib/libopencm3_stm32f1.a(usart_common_all.o)
 .debug_aranges
                0x00000000000005f8       0x40 ../libopencm3/lib/libopencm3_stm32f1.a(usart_common_f124.o)
 .debug_aranges
                0x0000000000000638       0x68 ../libopencm3/lib/libopencm3_stm32f1.a(rcc_common_all.o)
 .debug_aranges
                0x00000000000006a0       0x38 ../libopencm3/lib/libopencm3_stm32f1.a(flash_common_all.o)
 .debug_aranges
                0x00000000000006d8       0x30 ../libopencm3/lib/libopencm3_stm32f1.a(flash_common_f.o)
 .debug_aranges
                0x0000000000000708       0x48 ../libopencm3/lib/libopencm3_stm32f1.a(flash_common_f01.o)
 .debug_aranges
                0x0000000000000750       0x88 ../libopencm3/lib/libopencm3_stm32f1.a(usb.o)
 .debug_aranges
                0x00000000000007d8       0x60 ../libopencm3/lib/libopencm3_stm32f1.a(usb_control.o)
 .debug_aranges
                0x0000000000000838       0x98 ../libopencm3/lib/libopencm3_stm32f1.a(usb_standard.o)
 .debug_aranges
                0x00000000000008d0       0x20 ../libopencm3/lib/libopencm3_stm32f1.a(usb_f107.o)
 .debug_aranges
                0x00000000000008f0       0x30 ../libopencm3/lib/libopencm3_stm32f1.a(vector.o)
 .debug_aranges
                0x0000000000000920       0x60 ../libopencm3/lib/libopencm3_stm32f1.a(nvic.o)
 .debug_aranges
                0x0000000000000980       0x68 ../libopencm3/lib/libopencm3_stm32f1.a(usb_dwc_common.o)

.debug_ranges   0x0000000000000000      0xa20
 .debug_ranges  0x0000000000000000       0x20 main.o
 .debug_ranges  0x0000000000000020       0x88 uart1.o
 .debug_ranges  0x00000000000000a8       0x30 iovfm.o
 .debug_ranges  0x00000000000000d8       0x38 cdcacm.o
 .debug_ranges  0x0000000000000110      0x150 slcan/slcan.o
 .debug_ranges  0x0000000000000260       0x48 slcan/can_driver.o
 .debug_ranges  0x00000000000002a8       0x70 ../libopencm3/lib/libopencm3_stm32f1.a(can.o)
 .debug_ranges  0x0000000000000318       0x68 ../libopencm3/lib/libopencm3_stm32f1.a(flash.o)
 .debug_ranges  0x0000000000000380       0x28 ../libopencm3/lib/libopencm3_stm32f1.a(gpio.o)
 .debug_ranges  0x00000000000003a8      0x1a8 ../libopencm3/lib/libopencm3_stm32f1.a(rcc.o)
 .debug_ranges  0x0000000000000550       0x40 ../libopencm3/lib/libopencm3_stm32f1.a(gpio_common_all.o)
 .debug_ranges  0x0000000000000590       0xa8 ../libopencm3/lib/libopencm3_stm32f1.a(usart_common_all.o)
 .debug_ranges  0x0000000000000638       0x30 ../libopencm3/lib/libopencm3_stm32f1.a(usart_common_f124.o)
 .debug_ranges  0x0000000000000668       0x58 ../libopencm3/lib/libopencm3_stm32f1.a(rcc_common_all.o)
 .debug_ranges  0x00000000000006c0       0x28 ../libopencm3/lib/libopencm3_stm32f1.a(flash_common_all.o)
 .debug_ranges  0x00000000000006e8       0x20 ../libopencm3/lib/libopencm3_stm32f1.a(flash_common_f.o)
 .debug_ranges  0x0000000000000708       0x38 ../libopencm3/lib/libopencm3_stm32f1.a(flash_common_f01.o)
 .debug_ranges  0x0000000000000740       0x78 ../libopencm3/lib/libopencm3_stm32f1.a(usb.o)
 .debug_ranges  0x00000000000007b8       0x90 ../libopencm3/lib/libopencm3_stm32f1.a(usb_control.o)
 .debug_ranges  0x0000000000000848       0xe0 ../libopencm3/lib/libopencm3_stm32f1.a(usb_standard.o)
 .debug_ranges  0x0000000000000928       0x10 ../libopencm3/lib/libopencm3_stm32f1.a(usb_f107.o)
 .debug_ranges  0x0000000000000938       0x20 ../libopencm3/lib/libopencm3_stm32f1.a(vector.o)
 .debug_ranges  0x0000000000000958       0x50 ../libopencm3/lib/libopencm3_stm32f1.a(nvic.o)
 .debug_ranges  0x00000000000009a8       0x78 ../libopencm3/lib/libopencm3_stm32f1.a(usb_dwc_common.o)

.debug_line     0x0000000000000000     0x6fa7
 .debug_line    0x0000000000000000      0x27b main.o
 .debug_line    0x000000000000027b     0x1250 amain.o
 .debug_line    0x00000000000014cb      0x40a uart1.o
 .debug_line    0x00000000000018d5      0x197 SRC/Wortbirne.o
 .debug_line    0x0000000000001a6c      0x2aa iovfm.o
 .debug_line    0x0000000000001d16      0x2de cdcacm.o
 .debug_line    0x0000000000001ff4      0x3f8 slcan/slcan.o
 .debug_line    0x00000000000023ec      0x30f slcan/can_driver.o
 .debug_line    0x00000000000026fb      0x48c ../libopencm3/lib/libopencm3_stm32f1.a(can.o)
 .debug_line    0x0000000000002b87      0x40a ../libopencm3/lib/libopencm3_stm32f1.a(flash.o)
 .debug_line    0x0000000000002f91      0x314 ../libopencm3/lib/libopencm3_stm32f1.a(gpio.o)
 .debug_line    0x00000000000032a5      0x70f ../libopencm3/lib/libopencm3_stm32f1.a(rcc.o)
 .debug_line    0x00000000000039b4      0x34b ../libopencm3/lib/libopencm3_stm32f1.a(gpio_common_all.o)
 .debug_line    0x0000000000003cff      0x486 ../libopencm3/lib/libopencm3_stm32f1.a(usart_common_all.o)
 .debug_line    0x0000000000004185      0x368 ../libopencm3/lib/libopencm3_stm32f1.a(usart_common_f124.o)
 .debug_line    0x00000000000044ed      0x37f ../libopencm3/lib/libopencm3_stm32f1.a(rcc_common_all.o)
 .debug_line    0x000000000000486c      0x33c ../libopencm3/lib/libopencm3_stm32f1.a(flash_common_all.o)
 .debug_line    0x0000000000004ba8      0x326 ../libopencm3/lib/libopencm3_stm32f1.a(flash_common_f.o)
 .debug_line    0x0000000000004ece      0x374 ../libopencm3/lib/libopencm3_stm32f1.a(flash_common_f01.o)
 .debug_line    0x0000000000005242      0x3d9 ../libopencm3/lib/libopencm3_stm32f1.a(usb.o)
 .debug_line    0x000000000000561b      0x446 ../libopencm3/lib/libopencm3_stm32f1.a(usb_control.o)
 .debug_line    0x0000000000005a61      0x597 ../libopencm3/lib/libopencm3_stm32f1.a(usb_standard.o)
 .debug_line    0x0000000000005ff8      0x423 ../libopencm3/lib/libopencm3_stm32f1.a(usb_f107.o)
 .debug_line    0x000000000000641b      0x362 ../libopencm3/lib/libopencm3_stm32f1.a(vector.o)
 .debug_line    0x000000000000677d      0x31c ../libopencm3/lib/libopencm3_stm32f1.a(nvic.o)
 .debug_line    0x0000000000006a99      0x50e ../libopencm3/lib/libopencm3_stm32f1.a(usb_dwc_common.o)

.debug_str      0x0000000000000000    0x194c5
 .debug_str     0x0000000000000000      0x82a main.o
                                        0x96b (size before relaxing)
 .debug_str     0x000000000000082a       0x20 amain.o
                                         0x53 (size before relaxing)
 .debug_str     0x000000000000084a      0x1b1 uart1.o
                                        0x9e9 (size before relaxing)
 .debug_str     0x00000000000009fb       0x10 SRC/Wortbirne.o
                                         0x51 (size before relaxing)
 .debug_str     0x0000000000000a0b      0x626 iovfm.o
                                        0xd8b (size before relaxing)
 .debug_str     0x0000000000001031      0x26e cdcacm.o
                                        0xed8 (size before relaxing)
 .debug_str     0x000000000000129f      0x1e9 slcan/slcan.o
                                        0x7b6 (size before relaxing)
 .debug_str     0x0000000000001488       0xfc slcan/can_driver.o
                                        0x5b0 (size before relaxing)
 .debug_str     0x0000000000001584     0x893f ../libopencm3/lib/libopencm3_stm32f1.a(can.o)
                                       0x8bd0 (size before relaxing)
 .debug_str     0x0000000000009ec3      0x994 ../libopencm3/lib/libopencm3_stm32f1.a(flash.o)
                                       0x5570 (size before relaxing)
 .debug_str     0x000000000000a857     0x380a ../libopencm3/lib/libopencm3_stm32f1.a(gpio.o)
                                       0x83ff (size before relaxing)
 .debug_str     0x000000000000e061      0x4d5 ../libopencm3/lib/libopencm3_stm32f1.a(rcc.o)
                                       0x7d0a (size before relaxing)
 .debug_str     0x000000000000e536       0x5a ../libopencm3/lib/libopencm3_stm32f1.a(gpio_common_all.o)
                                       0x83f3 (size before relaxing)
 .debug_str     0x000000000000e590     0x10e7 ../libopencm3/lib/libopencm3_stm32f1.a(usart_common_all.o)
                                       0x81df (size before relaxing)
 .debug_str     0x000000000000f677       0x2d ../libopencm3/lib/libopencm3_stm32f1.a(usart_common_f124.o)
                                       0x8019 (size before relaxing)
 .debug_str     0x000000000000f6a4      0x168 ../libopencm3/lib/libopencm3_stm32f1.a(rcc_common_all.o)
                                       0x7620 (size before relaxing)
 .debug_str     0x000000000000f80c       0x64 ../libopencm3/lib/libopencm3_stm32f1.a(flash_common_all.o)
                                       0x53e3 (size before relaxing)
 .debug_str     0x000000000000f870       0x33 ../libopencm3/lib/libopencm3_stm32f1.a(flash_common_f.o)
                                       0x53b4 (size before relaxing)
 .debug_str     0x000000000000f8a3       0x64 ../libopencm3/lib/libopencm3_stm32f1.a(flash_common_f01.o)
                                       0x5489 (size before relaxing)
 .debug_str     0x000000000000f907     0x353f ../libopencm3/lib/libopencm3_stm32f1.a(usb.o)
                                       0x8033 (size before relaxing)
 .debug_str     0x0000000000012e46      0x19b ../libopencm3/lib/libopencm3_stm32f1.a(usb_control.o)
                                       0x8080 (size before relaxing)
 .debug_str     0x0000000000012fe1      0x2b5 ../libopencm3/lib/libopencm3_stm32f1.a(usb_standard.o)
                                       0x81b3 (size before relaxing)
 .debug_str     0x0000000000013296     0x3390 ../libopencm3/lib/libopencm3_stm32f1.a(usb_f107.o)
                                       0xe5c0 (size before relaxing)
 .debug_str     0x0000000000016626     0x24ec ../libopencm3/lib/libopencm3_stm32f1.a(vector.o)
                                       0x6547 (size before relaxing)
 .debug_str     0x0000000000018b12      0x86e ../libopencm3/lib/libopencm3_stm32f1.a(nvic.o)
                                       0x50fc (size before relaxing)
 .debug_str     0x0000000000019380      0x145 ../libopencm3/lib/libopencm3_stm32f1.a(usb_dwc_common.o)
                                       0xa674 (size before relaxing)

.comment        0x0000000000000000       0x7e
 .comment       0x0000000000000000       0x7e main.o
                                         0x7f (size before relaxing)
 .comment       0x000000000000007e       0x7f uart1.o
 .comment       0x000000000000007e       0x7f iovfm.o
 .comment       0x000000000000007e       0x7f cdcacm.o
 .comment       0x000000000000007e       0x7f slcan/slcan.o
 .comment       0x000000000000007e       0x7f slcan/can_driver.o
 .comment       0x000000000000007e       0x7f ../libopencm3/lib/libopencm3_stm32f1.a(can.o)
 .comment       0x000000000000007e       0x7f ../libopencm3/lib/libopencm3_stm32f1.a(flash.o)
 .comment       0x000000000000007e       0x7f ../libopencm3/lib/libopencm3_stm32f1.a(gpio.o)
 .comment       0x000000000000007e       0x7f ../libopencm3/lib/libopencm3_stm32f1.a(rcc.o)
 .comment       0x000000000000007e       0x7f ../libopencm3/lib/libopencm3_stm32f1.a(gpio_common_all.o)
 .comment       0x000000000000007e       0x7f ../libopencm3/lib/libopencm3_stm32f1.a(usart_common_all.o)
 .comment       0x000000000000007e       0x7f ../libopencm3/lib/libopencm3_stm32f1.a(usart_common_f124.o)
 .comment       0x000000000000007e       0x7f ../libopencm3/lib/libopencm3_stm32f1.a(rcc_common_all.o)
 .comment       0x000000000000007e       0x7f ../libopencm3/lib/libopencm3_stm32f1.a(flash_common_all.o)
 .comment       0x000000000000007e       0x7f ../libopencm3/lib/libopencm3_stm32f1.a(flash_common_f.o)
 .comment       0x000000000000007e       0x7f ../libopencm3/lib/libopencm3_stm32f1.a(flash_common_f01.o)
 .comment       0x000000000000007e       0x7f ../libopencm3/lib/libopencm3_stm32f1.a(usb.o)
 .comment       0x000000000000007e       0x7f ../libopencm3/lib/libopencm3_stm32f1.a(usb_control.o)
 .comment       0x000000000000007e       0x7f ../libopencm3/lib/libopencm3_stm32f1.a(usb_standard.o)
 .comment       0x000000000000007e       0x7f ../libopencm3/lib/libopencm3_stm32f1.a(usb_f107.o)
 .comment       0x000000000000007e       0x7f ../libopencm3/lib/libopencm3_stm32f1.a(vector.o)
 .comment       0x000000000000007e       0x7f ../libopencm3/lib/libopencm3_stm32f1.a(nvic.o)
 .comment       0x000000000000007e       0x7f ../libopencm3/lib/libopencm3_stm32f1.a(usb_dwc_common.o)

.ARM.attributes
                0x0000000000000000       0x35
 .ARM.attributes
                0x0000000000000000       0x33 main.o
 .ARM.attributes
                0x0000000000000033       0x25 amain.o
 .ARM.attributes
                0x0000000000000058       0x33 uart1.o
 .ARM.attributes
                0x000000000000008b       0x21 SRC/Wortbirne.o
 .ARM.attributes
                0x00000000000000ac       0x33 iovfm.o
 .ARM.attributes
                0x00000000000000df       0x33 cdcacm.o
 .ARM.attributes
                0x0000000000000112       0x33 slcan/slcan.o
 .ARM.attributes
                0x0000000000000145       0x33 slcan/can_driver.o
 .ARM.attributes
                0x0000000000000178       0x33 ../libopencm3/lib/libopencm3_stm32f1.a(can.o)
 .ARM.attributes
                0x00000000000001ab       0x33 ../libopencm3/lib/libopencm3_stm32f1.a(flash.o)
 .ARM.attributes
                0x00000000000001de       0x33 ../libopencm3/lib/libopencm3_stm32f1.a(gpio.o)
 .ARM.attributes
                0x0000000000000211       0x33 ../libopencm3/lib/libopencm3_stm32f1.a(rcc.o)
 .ARM.attributes
                0x0000000000000244       0x33 ../libopencm3/lib/libopencm3_stm32f1.a(gpio_common_all.o)
 .ARM.attributes
                0x0000000000000277       0x33 ../libopencm3/lib/libopencm3_stm32f1.a(usart_common_all.o)
 .ARM.attributes
                0x00000000000002aa       0x33 ../libopencm3/lib/libopencm3_stm32f1.a(usart_common_f124.o)
 .ARM.attributes
                0x00000000000002dd       0x33 ../libopencm3/lib/libopencm3_stm32f1.a(rcc_common_all.o)
 .ARM.attributes
                0x0000000000000310       0x33 ../libopencm3/lib/libopencm3_stm32f1.a(flash_common_all.o)
 .ARM.attributes
                0x0000000000000343       0x33 ../libopencm3/lib/libopencm3_stm32f1.a(flash_common_f.o)
 .ARM.attributes
                0x0000000000000376       0x33 ../libopencm3/lib/libopencm3_stm32f1.a(flash_common_f01.o)
 .ARM.attributes
                0x00000000000003a9       0x33 ../libopencm3/lib/libopencm3_stm32f1.a(usb.o)
 .ARM.attributes
                0x00000000000003dc       0x33 ../libopencm3/lib/libopencm3_stm32f1.a(usb_control.o)
 .ARM.attributes
                0x000000000000040f       0x33 ../libopencm3/lib/libopencm3_stm32f1.a(usb_standard.o)
 .ARM.attributes
                0x0000000000000442       0x33 ../libopencm3/lib/libopencm3_stm32f1.a(usb_f107.o)
 .ARM.attributes
                0x0000000000000475       0x33 ../libopencm3/lib/libopencm3_stm32f1.a(vector.o)
 .ARM.attributes
                0x00000000000004a8       0x33 ../libopencm3/lib/libopencm3_stm32f1.a(nvic.o)
 .ARM.attributes
                0x00000000000004db       0x33 ../libopencm3/lib/libopencm3_stm32f1.a(usb_dwc_common.o)
 .ARM.attributes
                0x000000000000050e       0x1b /home/mak/gcc-arm-none-eabi-7-2017-q4-major/bin/../lib/gcc/arm-none-eabi/7.2.1/../../../../arm-none-eabi/lib/thumb/v7-m/libc.a(lib_a-memcpy.o)
 .ARM.attributes
                0x0000000000000529       0x2d /home/mak/gcc-arm-none-eabi-7-2017-q4-major/bin/../lib/gcc/arm-none-eabi/7.2.1/../../../../arm-none-eabi/lib/thumb/v7-m/libc.a(lib_a-stpcpy.o)
 .ARM.attributes
                0x0000000000000556       0x2d /home/mak/gcc-arm-none-eabi-7-2017-q4-major/bin/../lib/gcc/arm-none-eabi/7.2.1/../../../../arm-none-eabi/lib/thumb/v7-m/libc.a(lib_a-strlen-stub.o)

.debug_frame    0x0000000000000000     0x1688
 .debug_frame   0x0000000000000000       0x50 main.o
 .debug_frame   0x0000000000000050      0x1a8 uart1.o
 .debug_frame   0x00000000000001f8       0x94 iovfm.o
 .debug_frame   0x000000000000028c       0xb4 cdcacm.o
 .debug_frame   0x0000000000000340      0x198 slcan/slcan.o
 .debug_frame   0x00000000000004d8       0xb8 slcan/can_driver.o
 .debug_frame   0x0000000000000590      0x170 ../libopencm3/lib/libopencm3_stm32f1.a(can.o)
 .debug_frame   0x0000000000000700       0xfc ../libopencm3/lib/libopencm3_stm32f1.a(flash.o)
 .debug_frame   0x00000000000007fc       0x64 ../libopencm3/lib/libopencm3_stm32f1.a(gpio.o)
 .debug_frame   0x0000000000000860      0x2e0 ../libopencm3/lib/libopencm3_stm32f1.a(rcc.o)
 .debug_frame   0x0000000000000b40       0x80 ../libopencm3/lib/libopencm3_stm32f1.a(gpio_common_all.o)
 .debug_frame   0x0000000000000bc0      0x170 ../libopencm3/lib/libopencm3_stm32f1.a(usart_common_all.o)
 .debug_frame   0x0000000000000d30       0x60 ../libopencm3/lib/libopencm3_stm32f1.a(usart_common_f124.o)
 .debug_frame   0x0000000000000d90       0xd0 ../libopencm3/lib/libopencm3_stm32f1.a(rcc_common_all.o)
 .debug_frame   0x0000000000000e60       0x50 ../libopencm3/lib/libopencm3_stm32f1.a(flash_common_all.o)
 .debug_frame   0x0000000000000eb0       0x40 ../libopencm3/lib/libopencm3_stm32f1.a(flash_common_f.o)
 .debug_frame   0x0000000000000ef0       0xa0 ../libopencm3/lib/libopencm3_stm32f1.a(flash_common_f01.o)
 .debug_frame   0x0000000000000f90      0x13c ../libopencm3/lib/libopencm3_stm32f1.a(usb.o)
 .debug_frame   0x00000000000010cc      0x164 ../libopencm3/lib/libopencm3_stm32f1.a(usb_control.o)
 .debug_frame   0x0000000000001230      0x1e4 ../libopencm3/lib/libopencm3_stm32f1.a(usb_standard.o)
 .debug_frame   0x0000000000001414       0x28 ../libopencm3/lib/libopencm3_stm32f1.a(usb_f107.o)
 .debug_frame   0x000000000000143c       0x4c ../libopencm3/lib/libopencm3_stm32f1.a(vector.o)
 .debug_frame   0x0000000000001488       0xa0 ../libopencm3/lib/libopencm3_stm32f1.a(nvic.o)
 .debug_frame   0x0000000000001528      0x114 ../libopencm3/lib/libopencm3_stm32f1.a(usb_dwc_common.o)
 .debug_frame   0x000000000000163c       0x2c /home/mak/gcc-arm-none-eabi-7-2017-q4-major/bin/../lib/gcc/arm-none-eabi/7.2.1/../../../../arm-none-eabi/lib/thumb/v7-m/libc.a(lib_a-stpcpy.o)
 .debug_frame   0x0000000000001668       0x20 /home/mak/gcc-arm-none-eabi-7-2017-q4-major/bin/../lib/gcc/arm-none-eabi/7.2.1/../../../../arm-none-eabi/lib/thumb/v7-m/libc.a(lib_a-strlen-stub.o)

.debug_loc      0x0000000000000000     0x4a83
 .debug_loc     0x0000000000000000       0xe0 uart1.o
 .debug_loc     0x00000000000000e0       0x95 iovfm.o
 .debug_loc     0x0000000000000175      0x16e cdcacm.o
 .debug_loc     0x00000000000002e3      0x78f slcan/slcan.o
 .debug_loc     0x0000000000000a72       0xef slcan/can_driver.o
 .debug_loc     0x0000000000000b61      0xa54 ../libopencm3/lib/libopencm3_stm32f1.a(can.o)
 .debug_loc     0x00000000000015b5       0x80 ../libopencm3/lib/libopencm3_stm32f1.a(flash.o)
 .debug_loc     0x0000000000001635      0x48a ../libopencm3/lib/libopencm3_stm32f1.a(gpio.o)
 .debug_loc     0x0000000000001abf      0x480 ../libopencm3/lib/libopencm3_stm32f1.a(rcc.o)
 .debug_loc     0x0000000000001f3f       0x97 ../libopencm3/lib/libopencm3_stm32f1.a(gpio_common_all.o)
 .debug_loc     0x0000000000001fd6      0x1ca ../libopencm3/lib/libopencm3_stm32f1.a(usart_common_all.o)
 .debug_loc     0x00000000000021a0       0x63 ../libopencm3/lib/libopencm3_stm32f1.a(usart_common_f124.o)
 .debug_loc     0x0000000000002203      0x108 ../libopencm3/lib/libopencm3_stm32f1.a(rcc_common_all.o)
 .debug_loc     0x000000000000230b       0x3f ../libopencm3/lib/libopencm3_stm32f1.a(flash_common_all.o)
 .debug_loc     0x000000000000234a       0xb2 ../libopencm3/lib/libopencm3_stm32f1.a(flash_common_f01.o)
 .debug_loc     0x00000000000023fc      0x499 ../libopencm3/lib/libopencm3_stm32f1.a(usb.o)
 .debug_loc     0x0000000000002895      0x6fe ../libopencm3/lib/libopencm3_stm32f1.a(usb_control.o)
 .debug_loc     0x0000000000002f93     0x11fd ../libopencm3/lib/libopencm3_stm32f1.a(usb_standard.o)
 .debug_loc     0x0000000000004190       0xea ../libopencm3/lib/libopencm3_stm32f1.a(vector.o)
 .debug_loc     0x000000000000427a      0x129 ../libopencm3/lib/libopencm3_stm32f1.a(nvic.o)
 .debug_loc     0x00000000000043a3      0x6e0 ../libopencm3/lib/libopencm3_stm32f1.a(usb_dwc_common.o)

.debug_macro    0x0000000000000000     0x6383
 .debug_macro   0x0000000000000000       0xca ../libopencm3/lib/libopencm3_stm32f1.a(can.o)
 .debug_macro   0x00000000000000ca      0xa4e ../libopencm3/lib/libopencm3_stm32f1.a(can.o)
 .debug_macro   0x0000000000000b18       0x58 ../libopencm3/lib/libopencm3_stm32f1.a(can.o)
 .debug_macro   0x0000000000000b70      0x1b4 ../libopencm3/lib/libopencm3_stm32f1.a(can.o)
 .debug_macro   0x0000000000000d24       0x22 ../libopencm3/lib/libopencm3_stm32f1.a(can.o)
 .debug_macro   0x0000000000000d46       0x4f ../libopencm3/lib/libopencm3_stm32f1.a(can.o)
 .debug_macro   0x0000000000000d95       0x51 ../libopencm3/lib/libopencm3_stm32f1.a(can.o)
 .debug_macro   0x0000000000000de6       0xef ../libopencm3/lib/libopencm3_stm32f1.a(can.o)
 .debug_macro   0x0000000000000ed5       0x6a ../libopencm3/lib/libopencm3_stm32f1.a(can.o)
 .debug_macro   0x0000000000000f3f      0x1df ../libopencm3/lib/libopencm3_stm32f1.a(can.o)
 .debug_macro   0x000000000000111e       0x22 ../libopencm3/lib/libopencm3_stm32f1.a(can.o)
 .debug_macro   0x0000000000001140       0xfa ../libopencm3/lib/libopencm3_stm32f1.a(can.o)
 .debug_macro   0x000000000000123a      0x513 ../libopencm3/lib/libopencm3_stm32f1.a(can.o)
 .debug_macro   0x000000000000174d      0x82c ../libopencm3/lib/libopencm3_stm32f1.a(can.o)
 .debug_macro   0x0000000000001f79       0xd1 ../libopencm3/lib/libopencm3_stm32f1.a(flash.o)
 .debug_macro   0x000000000000204a       0xee ../libopencm3/lib/libopencm3_stm32f1.a(flash.o)
 .debug_macro   0x0000000000002138       0x82 ../libopencm3/lib/libopencm3_stm32f1.a(flash.o)
 .debug_macro   0x00000000000021ba       0xb9 ../libopencm3/lib/libopencm3_stm32f1.a(gpio.o)
 .debug_macro   0x0000000000002273       0x76 ../libopencm3/lib/libopencm3_stm32f1.a(gpio.o)
 .debug_macro   0x00000000000022e9      0xdfd ../libopencm3/lib/libopencm3_stm32f1.a(gpio.o)
 .debug_macro   0x00000000000030e6       0xe8 ../libopencm3/lib/libopencm3_stm32f1.a(rcc.o)
 .debug_macro   0x00000000000031ce       0x16 ../libopencm3/lib/libopencm3_stm32f1.a(rcc.o)
 .debug_macro   0x00000000000031e4       0xb9 ../libopencm3/lib/libopencm3_stm32f1.a(gpio_common_all.o)
 .debug_macro   0x000000000000329d       0xdb ../libopencm3/lib/libopencm3_stm32f1.a(usart_common_all.o)
 .debug_macro   0x0000000000003378       0x94 ../libopencm3/lib/libopencm3_stm32f1.a(usart_common_all.o)
 .debug_macro   0x000000000000340c      0x29e ../libopencm3/lib/libopencm3_stm32f1.a(usart_common_all.o)
 .debug_macro   0x00000000000036aa       0xdb ../libopencm3/lib/libopencm3_stm32f1.a(usart_common_f124.o)
 .debug_macro   0x0000000000003785       0xcf ../libopencm3/lib/libopencm3_stm32f1.a(rcc_common_all.o)
 .debug_macro   0x0000000000003854       0xc1 ../libopencm3/lib/libopencm3_stm32f1.a(flash_common_all.o)
 .debug_macro   0x0000000000003915       0xc1 ../libopencm3/lib/libopencm3_stm32f1.a(flash_common_f.o)
 .debug_macro   0x00000000000039d6       0xc1 ../libopencm3/lib/libopencm3_stm32f1.a(flash_common_f01.o)
 .debug_macro   0x0000000000003a97      0x149 ../libopencm3/lib/libopencm3_stm32f1.a(usb.o)
 .debug_macro   0x0000000000003be0       0x52 ../libopencm3/lib/libopencm3_stm32f1.a(usb.o)
 .debug_macro   0x0000000000003c32       0x17 ../libopencm3/lib/libopencm3_stm32f1.a(usb.o)
 .debug_macro   0x0000000000003c49       0x55 ../libopencm3/lib/libopencm3_stm32f1.a(usb.o)
 .debug_macro   0x0000000000003c9e       0x35 ../libopencm3/lib/libopencm3_stm32f1.a(usb.o)
 .debug_macro   0x0000000000003cd3       0x9c ../libopencm3/lib/libopencm3_stm32f1.a(usb.o)
 .debug_macro   0x0000000000003d6f      0x16d ../libopencm3/lib/libopencm3_stm32f1.a(usb.o)
 .debug_macro   0x0000000000003edc       0x57 ../libopencm3/lib/libopencm3_stm32f1.a(usb.o)
 .debug_macro   0x0000000000003f33       0x58 ../libopencm3/lib/libopencm3_stm32f1.a(usb.o)
 .debug_macro   0x0000000000003f8b       0x1f ../libopencm3/lib/libopencm3_stm32f1.a(usb.o)
 .debug_macro   0x0000000000003faa       0x43 ../libopencm3/lib/libopencm3_stm32f1.a(usb.o)
 .debug_macro   0x0000000000003fed       0x20 ../libopencm3/lib/libopencm3_stm32f1.a(usb.o)
 .debug_macro   0x000000000000400d      0x18e ../libopencm3/lib/libopencm3_stm32f1.a(usb.o)
 .debug_macro   0x000000000000419b      0x353 ../libopencm3/lib/libopencm3_stm32f1.a(usb.o)
 .debug_macro   0x00000000000044ee       0x10 ../libopencm3/lib/libopencm3_stm32f1.a(usb.o)
 .debug_macro   0x00000000000044fe       0x35 ../libopencm3/lib/libopencm3_stm32f1.a(usb.o)
 .debug_macro   0x0000000000004533      0x19c ../libopencm3/lib/libopencm3_stm32f1.a(usb.o)
 .debug_macro   0x00000000000046cf       0x10 ../libopencm3/lib/libopencm3_stm32f1.a(usb.o)
 .debug_macro   0x00000000000046df       0x1c ../libopencm3/lib/libopencm3_stm32f1.a(usb.o)
 .debug_macro   0x00000000000046fb      0x157 ../libopencm3/lib/libopencm3_stm32f1.a(usb_control.o)
 .debug_macro   0x0000000000004852       0x16 ../libopencm3/lib/libopencm3_stm32f1.a(usb_control.o)
 .debug_macro   0x0000000000004868      0x10e ../libopencm3/lib/libopencm3_stm32f1.a(usb_control.o)
 .debug_macro   0x0000000000004976       0x86 ../libopencm3/lib/libopencm3_stm32f1.a(usb_control.o)
 .debug_macro   0x00000000000049fc       0x22 ../libopencm3/lib/libopencm3_stm32f1.a(usb_control.o)
 .debug_macro   0x0000000000004a1e      0x149 ../libopencm3/lib/libopencm3_stm32f1.a(usb_standard.o)
 .debug_macro   0x0000000000004b67      0x1ae ../libopencm3/lib/libopencm3_stm32f1.a(usb_f107.o)
 .debug_macro   0x0000000000004d15       0x3a ../libopencm3/lib/libopencm3_stm32f1.a(usb_f107.o)
 .debug_macro   0x0000000000004d4f      0x1a2 ../libopencm3/lib/libopencm3_stm32f1.a(usb_f107.o)
 .debug_macro   0x0000000000004ef1      0x8d7 ../libopencm3/lib/libopencm3_stm32f1.a(usb_f107.o)
 .debug_macro   0x00000000000057c8      0x130 ../libopencm3/lib/libopencm3_stm32f1.a(usb_f107.o)
 .debug_macro   0x00000000000058f8       0xd0 ../libopencm3/lib/libopencm3_stm32f1.a(vector.o)
 .debug_macro   0x00000000000059c8      0x3a1 ../libopencm3/lib/libopencm3_stm32f1.a(vector.o)
 .debug_macro   0x0000000000005d69       0x6a ../libopencm3/lib/libopencm3_stm32f1.a(vector.o)
 .debug_macro   0x0000000000005dd3      0x1a2 ../libopencm3/lib/libopencm3_stm32f1.a(vector.o)
 .debug_macro   0x0000000000005f75       0xb4 ../libopencm3/lib/libopencm3_stm32f1.a(nvic.o)
 .debug_macro   0x0000000000006029       0x64 ../libopencm3/lib/libopencm3_stm32f1.a(nvic.o)
 .debug_macro   0x000000000000608d      0x194 ../libopencm3/lib/libopencm3_stm32f1.a(nvic.o)
 .debug_macro   0x0000000000006221      0x162 ../libopencm3/lib/libopencm3_stm32f1.a(usb_dwc_common.o)
